[1/14 13 4.750s] /mnt/storage_pool/liaoyuanjun/higs-13scene-env/bin/nvcc --generate-dependencies-with-compile --dependency-output SegmentedSort.cuda.o.d -DTORCH_EXTENSION_NAME=experimental_gaussian_render_inference_scene_cuda -DTORCH_API_INCLUDE_EXTENSION_H -I/mnt/storage_pool/liaoyuanjun/higs_p2_1a_worktree/gsplat/cuda/include -I/mnt/storage_pool/liaoyuanjun/higs_p2_1a_worktree/gsplat/cuda/csrc -I/mnt/storage_pool/liaoyuanjun/higs_p2_1a_worktree/gsplat/experimental/render/kernels/cuda/csrc/gaussian_inference -I/mnt/storage_pool/liaoyuanjun/higs_p2_1a_worktree/gsplat/cuda/csrc/third_party/glm -I/mnt/storage_pool/liaoyuanjun/higs-13scene-env/targets/x86_64-linux/include -isystem /mnt/storage_pool/liaoyuanjun/higs-13scene-env/lib/python3.10/site-packages/torch/include -isystem /mnt/storage_pool/liaoyuanjun/higs-13scene-env/lib/python3.10/site-packages/torch/include/torch/csrc/api/include -isystem /mnt/storage_pool/liaoyuanjun/higs-13scene-env/include -isystem /mnt/storage_pool/liaoyuanjun/higs-13scene-env/include/python3.10 -D__CUDA_NO_HALF_OPERATORS__ -D__CUDA_NO_HALF_CONVERSIONS__ -D__CUDA_NO_BFLOAT16_CONVERSIONS__ -D__CUDA_NO_HALF2_OPERATORS__ --expt-relaxed-constexpr -gencode=arch=compute_80,code=sm_80 --compiler-options '-fPIC' --forward-unknown-opts -use_fast_math -diag-suppress 20012,186 --expt-relaxed-constexpr -std=c++20 -O3 -DNDEBUG -Wno-attributes -Wno-unknown-pragmas -DAT_PARALLEL_OPENMP -fopenmp -Xptxas -v -c /mnt/storage_pool/liaoyuanjun/higs_p2_1a_worktree/gsplat/experimental/render/kernels/cuda/csrc/gaussian_inference/SegmentedSort.cu -o SegmentedSort.cuda.o 
ptxas info    : 10 bytes gmem, 80 bytes cmem[4]
ptxas info    : Compiling entry function '_ZN4higs8seg_sort15BlockSortKernelILi512ELi0ELb0ELb1EEEvNS0_13BlockSortArgsE' for 'sm_80'
ptxas info    : Function properties for _ZN4higs8seg_sort15BlockSortKernelILi512ELi0ELb0ELb1EEEvNS0_13BlockSortArgsE
    0 bytes stack frame, 0 bytes spill stores, 0 bytes spill loads
ptxas info    : Used 119 registers, used 1 barriers, 32768 bytes smem, 464 bytes cmem[0]
ptxas info    : Compile time = 98.698 ms
ptxas info    : Compiling entry function '_ZN4higs8seg_sort15BlockSortKernelILi512ELi4096ELb1ELb0EEEvNS0_13BlockSortArgsE' for 'sm_80'
ptxas info    : Function properties for _ZN4higs8seg_sort15BlockSortKernelILi512ELi4096ELb1ELb0EEEvNS0_13BlockSortArgsE
    0 bytes stack frame, 0 bytes spill stores, 0 bytes spill loads
ptxas info    : Used 122 registers, used 1 barriers, 32768 bytes smem, 464 bytes cmem[0], 8 bytes cmem[2]
ptxas info    : Compile time = 93.848 ms
ptxas info    : Compiling entry function '_ZN4higs8seg_sort15BlockSortKernelILi256ELi2048ELb0ELb0EEEvNS0_13BlockSortArgsE' for 'sm_80'
ptxas info    : Function properties for _ZN4higs8seg_sort15BlockSortKernelILi256ELi2048ELb0ELb0EEEvNS0_13BlockSortArgsE
    0 bytes stack frame, 0 bytes spill stores, 0 bytes spill loads
ptxas info    : Used 119 registers, used 1 barriers, 16384 bytes smem, 464 bytes cmem[0]
ptxas info    : Compile time = 72.201 ms
ptxas info    : Compiling entry function '_ZN4higs8seg_sort15BlockSortKernelILi128ELi1024ELb0ELb0EEEvNS0_13BlockSortArgsE' for 'sm_80'
ptxas info    : Function properties for _ZN4higs8seg_sort15BlockSortKernelILi128ELi1024ELb0ELb0EEEvNS0_13BlockSortArgsE
    0 bytes stack frame, 0 bytes spill stores, 0 bytes spill loads
ptxas info    : Used 117 registers, used 1 barriers, 8192 bytes smem, 464 bytes cmem[0]
ptxas info    : Compile time = 71.158 ms
ptxas info    : Compiling entry function '_ZN4higs8seg_sort15BlockSortKernelILi64ELi0ELb0ELb0EEEvNS0_13BlockSortArgsE' for 'sm_80'
ptxas info    : Function properties for _ZN4higs8seg_sort15BlockSortKernelILi64ELi0ELb0ELb0EEEvNS0_13BlockSortArgsE
    0 bytes stack frame, 0 bytes spill stores, 0 bytes spill loads
ptxas info    : Used 116 registers, used 1 barriers, 4096 bytes smem, 464 bytes cmem[0]
ptxas info    : Compile time = 70.976 ms
ptxas info    : Compiling entry function '_ZN4higs8seg_sort21MergePersistentKernelENS0_19PersistentMergeArgsE' for 'sm_80'
ptxas info    : Function properties for _ZN4higs8seg_sort21MergePersistentKernelENS0_19PersistentMergeArgsE
    0 bytes stack frame, 0 bytes spill stores, 0 bytes spill loads
ptxas info    : Used 64 registers, used 1 barriers, 30840 bytes smem, 416 bytes cmem[0], 12 bytes cmem[2]
ptxas info    : Compile time = 31.427 ms
ptxas info    : Compiling entry function '_ZN4higs8seg_sort11MergeKernelENS0_9MergeArgsE' for 'sm_80'
ptxas info    : Function properties for _ZN4higs8seg_sort11MergeKernelENS0_9MergeArgsE
    0 bytes stack frame, 0 bytes spill stores, 0 bytes spill loads
ptxas info    : Used 56 registers, used 1 barriers, 30840 bytes smem, 392 bytes cmem[0], 12 bytes cmem[2]
ptxas info    : Compile time = 25.097 ms
[2/14 12 4.758s] /mnt/storage_pool/liaoyuanjun/higs-13scene-env/bin/nvcc --generate-dependencies-with-compile --dependency-output MacroTileRasterize.cuda.o.d -DTORCH_EXTENSION_NAME=experimental_gaussian_render_inference_scene_cuda -DTORCH_API_INCLUDE_EXTENSION_H -I/mnt/storage_pool/liaoyuanjun/higs_p2_1a_worktree/gsplat/cuda/include -I/mnt/storage_pool/liaoyuanjun/higs_p2_1a_worktree/gsplat/cuda/csrc -I/mnt/storage_pool/liaoyuanjun/higs_p2_1a_worktree/gsplat/experimental/render/kernels/cuda/csrc/gaussian_inference -I/mnt/storage_pool/liaoyuanjun/higs_p2_1a_worktree/gsplat/cuda/csrc/third_party/glm -I/mnt/storage_pool/liaoyuanjun/higs-13scene-env/targets/x86_64-linux/include -isystem /mnt/storage_pool/liaoyuanjun/higs-13scene-env/lib/python3.10/site-packages/torch/include -isystem /mnt/storage_pool/liaoyuanjun/higs-13scene-env/lib/python3.10/site-packages/torch/include/torch/csrc/api/include -isystem /mnt/storage_pool/liaoyuanjun/higs-13scene-env/include -isystem /mnt/storage_pool/liaoyuanjun/higs-13scene-env/include/python3.10 -D__CUDA_NO_HALF_OPERATORS__ -D__CUDA_NO_HALF_CONVERSIONS__ -D__CUDA_NO_BFLOAT16_CONVERSIONS__ -D__CUDA_NO_HALF2_OPERATORS__ --expt-relaxed-constexpr -gencode=arch=compute_80,code=sm_80 --compiler-options '-fPIC' --forward-unknown-opts -use_fast_math -diag-suppress 20012,186 --expt-relaxed-constexpr -std=c++20 -O3 -DNDEBUG -Wno-attributes -Wno-unknown-pragmas -DAT_PARALLEL_OPENMP -fopenmp -Xptxas -v -c /mnt/storage_pool/liaoyuanjun/higs_p2_1a_worktree/gsplat/experimental/render/kernels/cuda/csrc/gaussian_inference/MacroTileRasterize.cu -o MacroTileRasterize.cuda.o 
FAILED: [code=2] MacroTileRasterize.cuda.o 
/mnt/storage_pool/liaoyuanjun/higs-13scene-env/bin/nvcc --generate-dependencies-with-compile --dependency-output MacroTileRasterize.cuda.o.d -DTORCH_EXTENSION_NAME=experimental_gaussian_render_inference_scene_cuda -DTORCH_API_INCLUDE_EXTENSION_H -I/mnt/storage_pool/liaoyuanjun/higs_p2_1a_worktree/gsplat/cuda/include -I/mnt/storage_pool/liaoyuanjun/higs_p2_1a_worktree/gsplat/cuda/csrc -I/mnt/storage_pool/liaoyuanjun/higs_p2_1a_worktree/gsplat/experimental/render/kernels/cuda/csrc/gaussian_inference -I/mnt/storage_pool/liaoyuanjun/higs_p2_1a_worktree/gsplat/cuda/csrc/third_party/glm -I/mnt/storage_pool/liaoyuanjun/higs-13scene-env/targets/x86_64-linux/include -isystem /mnt/storage_pool/liaoyuanjun/higs-13scene-env/lib/python3.10/site-packages/torch/include -isystem /mnt/storage_pool/liaoyuanjun/higs-13scene-env/lib/python3.10/site-packages/torch/include/torch/csrc/api/include -isystem /mnt/storage_pool/liaoyuanjun/higs-13scene-env/include -isystem /mnt/storage_pool/liaoyuanjun/higs-13scene-env/include/python3.10 -D__CUDA_NO_HALF_OPERATORS__ -D__CUDA_NO_HALF_CONVERSIONS__ -D__CUDA_NO_BFLOAT16_CONVERSIONS__ -D__CUDA_NO_HALF2_OPERATORS__ --expt-relaxed-constexpr -gencode=arch=compute_80,code=sm_80 --compiler-options '-fPIC' --forward-unknown-opts -use_fast_math -diag-suppress 20012,186 --expt-relaxed-constexpr -std=c++20 -O3 -DNDEBUG -Wno-attributes -Wno-unknown-pragmas -DAT_PARALLEL_OPENMP -fopenmp -Xptxas -v -c /mnt/storage_pool/liaoyuanjun/higs_p2_1a_worktree/gsplat/experimental/render/kernels/cuda/csrc/gaussian_inference/MacroTileRasterize.cu -o MacroTileRasterize.cuda.o 
/mnt/storage_pool/liaoyuanjun/higs_p2_1a_worktree/gsplat/experimental/render/kernels/cuda/csrc/gaussian_inference/MacroTileRasterize.cu(397): error: no suitable constructor exists to convert from "const float" to "float4"
              const float4 raw_conic = args.conics[g * 4];
                                       ^

1 error detected in the compilation of "/mnt/storage_pool/liaoyuanjun/higs_p2_1a_worktree/gsplat/experimental/render/kernels/cuda/csrc/gaussian_inference/MacroTileRasterize.cu".
[3/14 11 9.957s] /mnt/storage_pool/liaoyuanjun/higs-13scene-env/bin/nvcc --generate-dependencies-with-compile --dependency-output MacroTileIntersect.cuda.o.d -DTORCH_EXTENSION_NAME=experimental_gaussian_render_inference_scene_cuda -DTORCH_API_INCLUDE_EXTENSION_H -I/mnt/storage_pool/liaoyuanjun/higs_p2_1a_worktree/gsplat/cuda/include -I/mnt/storage_pool/liaoyuanjun/higs_p2_1a_worktree/gsplat/cuda/csrc -I/mnt/storage_pool/liaoyuanjun/higs_p2_1a_worktree/gsplat/experimental/render/kernels/cuda/csrc/gaussian_inference -I/mnt/storage_pool/liaoyuanjun/higs_p2_1a_worktree/gsplat/cuda/csrc/third_party/glm -I/mnt/storage_pool/liaoyuanjun/higs-13scene-env/targets/x86_64-linux/include -isystem /mnt/storage_pool/liaoyuanjun/higs-13scene-env/lib/python3.10/site-packages/torch/include -isystem /mnt/storage_pool/liaoyuanjun/higs-13scene-env/lib/python3.10/site-packages/torch/include/torch/csrc/api/include -isystem /mnt/storage_pool/liaoyuanjun/higs-13scene-env/include -isystem /mnt/storage_pool/liaoyuanjun/higs-13scene-env/include/python3.10 -D__CUDA_NO_HALF_OPERATORS__ -D__CUDA_NO_HALF_CONVERSIONS__ -D__CUDA_NO_BFLOAT16_CONVERSIONS__ -D__CUDA_NO_HALF2_OPERATORS__ --expt-relaxed-constexpr -gencode=arch=compute_80,code=sm_80 --compiler-options '-fPIC' --forward-unknown-opts -use_fast_math -diag-suppress 20012,186 --expt-relaxed-constexpr -std=c++20 -O3 -DNDEBUG -Wno-attributes -Wno-unknown-pragmas -DAT_PARALLEL_OPENMP -fopenmp -Xptxas -v -c /mnt/storage_pool/liaoyuanjun/higs_p2_1a_worktree/gsplat/experimental/render/kernels/cuda/csrc/gaussian_inference/MacroTileIntersect.cu -o MacroTileIntersect.cuda.o 
ptxas info    : 11 bytes gmem, 88 bytes cmem[4]
[4/14 10 15.135s] /mnt/storage_pool/liaoyuanjun/higs-13scene-env/bin/nvcc --generate-dependencies-with-compile --dependency-output SphericalHarmonics.cuda.o.d -DTORCH_EXTENSION_NAME=experimental_gaussian_render_inference_scene_cuda -DTORCH_API_INCLUDE_EXTENSION_H -I/mnt/storage_pool/liaoyuanjun/higs_p2_1a_worktree/gsplat/cuda/include -I/mnt/storage_pool/liaoyuanjun/higs_p2_1a_worktree/gsplat/cuda/csrc -I/mnt/storage_pool/liaoyuanjun/higs_p2_1a_worktree/gsplat/experimental/render/kernels/cuda/csrc/gaussian_inference -I/mnt/storage_pool/liaoyuanjun/higs_p2_1a_worktree/gsplat/cuda/csrc/third_party/glm -I/mnt/storage_pool/liaoyuanjun/higs-13scene-env/targets/x86_64-linux/include -isystem /mnt/storage_pool/liaoyuanjun/higs-13scene-env/lib/python3.10/site-packages/torch/include -isystem /mnt/storage_pool/liaoyuanjun/higs-13scene-env/lib/python3.10/site-packages/torch/include/torch/csrc/api/include -isystem /mnt/storage_pool/liaoyuanjun/higs-13scene-env/include -isystem /mnt/storage_pool/liaoyuanjun/higs-13scene-env/include/python3.10 -D__CUDA_NO_HALF_OPERATORS__ -D__CUDA_NO_HALF_CONVERSIONS__ -D__CUDA_NO_BFLOAT16_CONVERSIONS__ -D__CUDA_NO_HALF2_OPERATORS__ --expt-relaxed-constexpr -gencode=arch=compute_80,code=sm_80 --compiler-options '-fPIC' --forward-unknown-opts -use_fast_math -diag-suppress 20012,186 --expt-relaxed-constexpr -std=c++20 -O3 -DNDEBUG -Wno-attributes -Wno-unknown-pragmas -DAT_PARALLEL_OPENMP -fopenmp -Xptxas -v -c /mnt/storage_pool/liaoyuanjun/higs_p2_1a_worktree/gsplat/experimental/render/kernels/cuda/csrc/gaussian_inference/SphericalHarmonics.cu -o SphericalHarmonics.cuda.o 
ptxas info    : 11 bytes gmem, 88 bytes cmem[4]
ptxas info    : Compiling entry function '_ZN4higs34spherical_harmonics_fwd_kernel_k16ILNS_11SHInputModeE1EEEviiPKffffPKvPKjffNS_14SHDecodeParamsEP6__half' for 'sm_80'
ptxas info    : Function properties for _ZN4higs34spherical_harmonics_fwd_kernel_k16ILNS_11SHInputModeE1EEEviiPKffffPKvPKjffNS_14SHDecodeParamsEP6__half
    0 bytes stack frame, 0 bytes spill stores, 0 bytes spill loads
ptxas info    : Used 47 registers, used 1 barriers, 1092 bytes smem, 512 bytes cmem[0]
ptxas info    : Compile time = 14.712 ms
ptxas info    : Compiling entry function '_ZN4higs34spherical_harmonics_fwd_kernel_k16ILNS_11SHInputModeE0EEEviiPKffffPKvPKjffNS_14SHDecodeParamsEP6__half' for 'sm_80'
ptxas info    : Function properties for _ZN4higs34spherical_harmonics_fwd_kernel_k16ILNS_11SHInputModeE0EEEviiPKffffPKvPKjffNS_14SHDecodeParamsEP6__half
    0 bytes stack frame, 0 bytes spill stores, 0 bytes spill loads
ptxas info    : Used 61 registers, used 1 barriers, 1092 bytes smem, 512 bytes cmem[0]
ptxas info    : Compile time = 12.135 ms
ptxas info    : Compiling entry function '_ZN4higs34spherical_harmonics_fwd_kernel_k16ILNS_11SHInputModeE3EEEviiPKffffPKvPKjffNS_14SHDecodeParamsEP6__half' for 'sm_80'
ptxas info    : Function properties for _ZN4higs34spherical_harmonics_fwd_kernel_k16ILNS_11SHInputModeE3EEEviiPKffffPKvPKjffNS_14SHDecodeParamsEP6__half
    0 bytes stack frame, 0 bytes spill stores, 0 bytes spill loads
ptxas info    : Used 32 registers, used 1 barriers, 1092 bytes smem, 512 bytes cmem[0]
ptxas info    : Compile time = 12.136 ms
ptxas info    : Compiling entry function '_ZN4higs34spherical_harmonics_fwd_kernel_k16ILNS_11SHInputModeE2EEEviiPKffffPKvPKjffNS_14SHDecodeParamsEP6__half' for 'sm_80'
ptxas info    : Function properties for _ZN4higs34spherical_harmonics_fwd_kernel_k16ILNS_11SHInputModeE2EEEviiPKffffPKvPKjffNS_14SHDecodeParamsEP6__half
    0 bytes stack frame, 0 bytes spill stores, 0 bytes spill loads
ptxas info    : Used 51 registers, used 1 barriers, 1092 bytes smem, 512 bytes cmem[0]
ptxas info    : Compile time = 20.921 ms
ptxas info    : Compiling entry function '_ZN4higs38spherical_harmonics_viewmat_fwd_kernelEiiiPKfS1_S1_PKjffP6__half' for 'sm_80'
ptxas info    : Function properties for _ZN4higs38spherical_harmonics_viewmat_fwd_kernelEiiiPKfS1_S1_PKjffP6__half
    0 bytes stack frame, 0 bytes spill stores, 0 bytes spill loads
ptxas info    : Used 32 registers, used 0 barriers, 416 bytes cmem[0]
ptxas info    : Compile time = 9.029 ms
ptxas info    : Compiling entry function '_ZN4higs30spherical_harmonics_fwd_kernelEiiiPKffffS1_PKjffP6__half' for 'sm_80'
ptxas info    : Function properties for _ZN4higs30spherical_harmonics_fwd_kernelEiiiPKffffS1_PKjffP6__half
    0 bytes stack frame, 0 bytes spill stores, 0 bytes spill loads
ptxas info    : Used 32 registers, used 0 barriers, 424 bytes cmem[0]
ptxas info    : Compile time = 8.482 ms
[5/14 9 15.517s] /mnt/storage_pool/liaoyuanjun/higs-13scene-env/bin/nvcc --generate-dependencies-with-compile --dependency-output SHCompression.cuda.o.d -DTORCH_EXTENSION_NAME=experimental_gaussian_render_inference_scene_cuda -DTORCH_API_INCLUDE_EXTENSION_H -I/mnt/storage_pool/liaoyuanjun/higs_p2_1a_worktree/gsplat/cuda/include -I/mnt/storage_pool/liaoyuanjun/higs_p2_1a_worktree/gsplat/cuda/csrc -I/mnt/storage_pool/liaoyuanjun/higs_p2_1a_worktree/gsplat/experimental/render/kernels/cuda/csrc/gaussian_inference -I/mnt/storage_pool/liaoyuanjun/higs_p2_1a_worktree/gsplat/cuda/csrc/third_party/glm -I/mnt/storage_pool/liaoyuanjun/higs-13scene-env/targets/x86_64-linux/include -isystem /mnt/storage_pool/liaoyuanjun/higs-13scene-env/lib/python3.10/site-packages/torch/include -isystem /mnt/storage_pool/liaoyuanjun/higs-13scene-env/lib/python3.10/site-packages/torch/include/torch/csrc/api/include -isystem /mnt/storage_pool/liaoyuanjun/higs-13scene-env/include -isystem /mnt/storage_pool/liaoyuanjun/higs-13scene-env/include/python3.10 -D__CUDA_NO_HALF_OPERATORS__ -D__CUDA_NO_HALF_CONVERSIONS__ -D__CUDA_NO_BFLOAT16_CONVERSIONS__ -D__CUDA_NO_HALF2_OPERATORS__ --expt-relaxed-constexpr -gencode=arch=compute_80,code=sm_80 --compiler-options '-fPIC' --forward-unknown-opts -use_fast_math -diag-suppress 20012,186 --expt-relaxed-constexpr -std=c++20 -O3 -DNDEBUG -Wno-attributes -Wno-unknown-pragmas -DAT_PARALLEL_OPENMP -fopenmp -Xptxas -v -c /mnt/storage_pool/liaoyuanjun/higs_p2_1a_worktree/gsplat/experimental/render/kernels/cuda/csrc/gaussian_inference/SHCompression.cu -o SHCompression.cuda.o 
ptxas info    : 11 bytes gmem, 88 bytes cmem[4]
ptxas info    : Compiling entry function '_ZN4higs16sh_encode_kernelIL17SHCompressionMode2E6__halfEEviPKT0_P5uint4NS_14SHEncodeParamsE' for 'sm_80'
ptxas info    : Function properties for _ZN4higs16sh_encode_kernelIL17SHCompressionMode2E6__halfEEviPKT0_P5uint4NS_14SHEncodeParamsE
    0 bytes stack frame, 0 bytes spill stores, 0 bytes spill loads
ptxas info    : Used 56 registers, used 0 barriers, 568 bytes cmem[0]
ptxas info    : Compile time = 14.123 ms
ptxas info    : Compiling entry function '_ZN4higs16sh_encode_kernelIL17SHCompressionMode2EfEEviPKT0_P5uint4NS_14SHEncodeParamsE' for 'sm_80'
ptxas info    : Function properties for _ZN4higs16sh_encode_kernelIL17SHCompressionMode2EfEEviPKT0_P5uint4NS_14SHEncodeParamsE
    0 bytes stack frame, 0 bytes spill stores, 0 bytes spill loads
ptxas info    : Used 53 registers, used 0 barriers, 568 bytes cmem[0]
ptxas info    : Compile time = 11.434 ms
ptxas info    : Compiling entry function '_ZN4higs16sh_encode_kernelIL17SHCompressionMode1E6__halfEEviPKT0_P5uint4NS_14SHEncodeParamsE' for 'sm_80'
ptxas info    : Function properties for _ZN4higs16sh_encode_kernelIL17SHCompressionMode1E6__halfEEviPKT0_P5uint4NS_14SHEncodeParamsE
    0 bytes stack frame, 0 bytes spill stores, 0 bytes spill loads
ptxas info    : Used 64 registers, used 0 barriers, 568 bytes cmem[0]
ptxas info    : Compile time = 32.441 ms
ptxas info    : Compiling entry function '_ZN4higs16sh_encode_kernelIL17SHCompressionMode1EfEEviPKT0_P5uint4NS_14SHEncodeParamsE' for 'sm_80'
ptxas info    : Function properties for _ZN4higs16sh_encode_kernelIL17SHCompressionMode1EfEEviPKT0_P5uint4NS_14SHEncodeParamsE
    0 bytes stack frame, 0 bytes spill stores, 0 bytes spill loads
ptxas info    : Used 64 registers, used 0 barriers, 568 bytes cmem[0]
ptxas info    : Compile time = 30.439 ms
[6/14 8 15.754s] /mnt/storage_pool/liaoyuanjun/higs-13scene-env/bin/nvcc --generate-dependencies-with-compile --dependency-output IntersectCommon.cuda.o.d -DTORCH_EXTENSION_NAME=experimental_gaussian_render_inference_scene_cuda -DTORCH_API_INCLUDE_EXTENSION_H -I/mnt/storage_pool/liaoyuanjun/higs_p2_1a_worktree/gsplat/cuda/include -I/mnt/storage_pool/liaoyuanjun/higs_p2_1a_worktree/gsplat/cuda/csrc -I/mnt/storage_pool/liaoyuanjun/higs_p2_1a_worktree/gsplat/experimental/render/kernels/cuda/csrc/gaussian_inference -I/mnt/storage_pool/liaoyuanjun/higs_p2_1a_worktree/gsplat/cuda/csrc/third_party/glm -I/mnt/storage_pool/liaoyuanjun/higs-13scene-env/targets/x86_64-linux/include -isystem /mnt/storage_pool/liaoyuanjun/higs-13scene-env/lib/python3.10/site-packages/torch/include -isystem /mnt/storage_pool/liaoyuanjun/higs-13scene-env/lib/python3.10/site-packages/torch/include/torch/csrc/api/include -isystem /mnt/storage_pool/liaoyuanjun/higs-13scene-env/include -isystem /mnt/storage_pool/liaoyuanjun/higs-13scene-env/include/python3.10 -D__CUDA_NO_HALF_OPERATORS__ -D__CUDA_NO_HALF_CONVERSIONS__ -D__CUDA_NO_BFLOAT16_CONVERSIONS__ -D__CUDA_NO_HALF2_OPERATORS__ --expt-relaxed-constexpr -gencode=arch=compute_80,code=sm_80 --compiler-options '-fPIC' --forward-unknown-opts -use_fast_math -diag-suppress 20012,186 --expt-relaxed-constexpr -std=c++20 -O3 -DNDEBUG -Wno-attributes -Wno-unknown-pragmas -DAT_PARALLEL_OPENMP -fopenmp -Xptxas -v -c /mnt/storage_pool/liaoyuanjun/higs_p2_1a_worktree/gsplat/experimental/render/kernels/cuda/csrc/gaussian_inference/IntersectCommon.cu -o IntersectCommon.cuda.o 
ptxas info    : 11 bytes gmem, 88 bytes cmem[4]
ptxas info    : Compiling entry function '_ZN4higs17mt_offsets_kernelENS_13MtOffsetsArgsE' for 'sm_80'
ptxas info    : Function properties for _ZN4higs17mt_offsets_kernelENS_13MtOffsetsArgsE
    0 bytes stack frame, 0 bytes spill stores, 0 bytes spill loads
ptxas info    : Used 32 registers, used 1 barriers, 1312 bytes smem, 416 bytes cmem[0]
ptxas info    : Compile time = 23.017 ms
ptxas info    : Compiling entry function '_ZN4higs31mt_chunk_tile_add_prefix_kernelILi64EEEviiPKiPi' for 'sm_80'
ptxas info    : Function properties for _ZN4higs31mt_chunk_tile_add_prefix_kernelILi64EEEviiPKiPi
    0 bytes stack frame, 0 bytes spill stores, 0 bytes spill loads
ptxas info    : Used 10 registers, used 0 barriers, 376 bytes cmem[0]
ptxas info    : Compile time = 1.500 ms
ptxas info    : Compiling entry function '_ZN4higs33mt_chunk_tile_block_prefix_kernelILi64EEEviiiPKiPiS3_' for 'sm_80'
ptxas info    : Function properties for _ZN4higs33mt_chunk_tile_block_prefix_kernelILi64EEEviiiPKiPiS3_
    0 bytes stack frame, 0 bytes spill stores, 0 bytes spill loads
ptxas info    : Used 20 registers, used 0 barriers, 392 bytes cmem[0]
ptxas info    : Compile time = 2.322 ms
ptxas info    : Compiling entry function '_ZN4higs26mt_chunk_tile_carry_kernelILi64EEEvNS_16MtChunkBasesArgsEPi' for 'sm_80'
ptxas info    : Function properties for _ZN4higs26mt_chunk_tile_carry_kernelILi64EEEvNS_16MtChunkBasesArgsEPi
    0 bytes stack frame, 0 bytes spill stores, 0 bytes spill loads
ptxas info    : Used 22 registers, used 1 barriers, 4608 bytes smem, 408 bytes cmem[0]
ptxas info    : Compile time = 6.516 ms
ptxas info    : Compiling entry function '_ZN4higs27mt_chunk_local_bases_kernelILi64EEEvNS_16MtChunkBasesArgsE' for 'sm_80'
ptxas info    : Function properties for _ZN4higs27mt_chunk_local_bases_kernelILi64EEEvNS_16MtChunkBasesArgsE
    0 bytes stack frame, 0 bytes spill stores, 0 bytes spill loads
ptxas info    : Used 26 registers, used 1 barriers, 2304 bytes smem, 400 bytes cmem[0]
ptxas info    : Compile time = 6.841 ms
[7/14 7 16.100s] /mnt/storage_pool/liaoyuanjun/higs-13scene-env/bin/nvcc --generate-dependencies-with-compile --dependency-output IntersectMTFused.cuda.o.d -DTORCH_EXTENSION_NAME=experimental_gaussian_render_inference_scene_cuda -DTORCH_API_INCLUDE_EXTENSION_H -I/mnt/storage_pool/liaoyuanjun/higs_p2_1a_worktree/gsplat/cuda/include -I/mnt/storage_pool/liaoyuanjun/higs_p2_1a_worktree/gsplat/cuda/csrc -I/mnt/storage_pool/liaoyuanjun/higs_p2_1a_worktree/gsplat/experimental/render/kernels/cuda/csrc/gaussian_inference -I/mnt/storage_pool/liaoyuanjun/higs_p2_1a_worktree/gsplat/cuda/csrc/third_party/glm -I/mnt/storage_pool/liaoyuanjun/higs-13scene-env/targets/x86_64-linux/include -isystem /mnt/storage_pool/liaoyuanjun/higs-13scene-env/lib/python3.10/site-packages/torch/include -isystem /mnt/storage_pool/liaoyuanjun/higs-13scene-env/lib/python3.10/site-packages/torch/include/torch/csrc/api/include -isystem /mnt/storage_pool/liaoyuanjun/higs-13scene-env/include -isystem /mnt/storage_pool/liaoyuanjun/higs-13scene-env/include/python3.10 -D__CUDA_NO_HALF_OPERATORS__ -D__CUDA_NO_HALF_CONVERSIONS__ -D__CUDA_NO_BFLOAT16_CONVERSIONS__ -D__CUDA_NO_HALF2_OPERATORS__ --expt-relaxed-constexpr -gencode=arch=compute_80,code=sm_80 --compiler-options '-fPIC' --forward-unknown-opts -use_fast_math -diag-suppress 20012,186 --expt-relaxed-constexpr -std=c++20 -O3 -DNDEBUG -Wno-attributes -Wno-unknown-pragmas -DAT_PARALLEL_OPENMP -fopenmp -Xptxas -v -c /mnt/storage_pool/liaoyuanjun/higs_p2_1a_worktree/gsplat/experimental/render/kernels/cuda/csrc/gaussian_inference/IntersectMTFused.cu -o IntersectMTFused.cuda.o 
ptxas info    : 11 bytes gmem, 88 bytes cmem[4]
ptxas info    : Compiling entry function '_ZN4higs23fused_mt_binning_kernelILNS_11TileBinModeE0ELi8EEEviPKfPKjS3_S3_iiPKiPiS8_S8_S7_i' for 'sm_80'
ptxas info    : Function properties for _ZN4higs23fused_mt_binning_kernelILNS_11TileBinModeE0ELi8EEEviPKfPKjS3_S3_iiPKiPiS8_S8_S7_i
    0 bytes stack frame, 0 bytes spill stores, 0 bytes spill loads
ptxas info    : Used 32 registers, used 1 barriers, 444 bytes cmem[0]
ptxas info    : Compile time = 9.909 ms
ptxas info    : Compiling entry function '_ZN4higs23fused_mt_binning_kernelILNS_11TileBinModeE0ELi16EEEviPKfPKjS3_S3_iiPKiPiS8_S8_S7_i' for 'sm_80'
ptxas info    : Function properties for _ZN4higs23fused_mt_binning_kernelILNS_11TileBinModeE0ELi16EEEviPKfPKjS3_S3_iiPKiPiS8_S8_S7_i
    0 bytes stack frame, 0 bytes spill stores, 0 bytes spill loads
ptxas info    : Used 32 registers, used 1 barriers, 444 bytes cmem[0]
ptxas info    : Compile time = 9.053 ms
ptxas info    : Compiling entry function '_ZN4higs23fused_mt_binning_kernelILNS_11TileBinModeE1ELi8EEEviPKfPKjS3_S3_iiPKiPiS8_S8_S7_i' for 'sm_80'
ptxas info    : Function properties for _ZN4higs23fused_mt_binning_kernelILNS_11TileBinModeE1ELi8EEEviPKfPKjS3_S3_iiPKiPiS8_S8_S7_i
    0 bytes stack frame, 0 bytes spill stores, 0 bytes spill loads
ptxas info    : Used 40 registers, used 1 barriers, 444 bytes cmem[0]
ptxas info    : Compile time = 8.857 ms
ptxas info    : Compiling entry function '_ZN4higs23fused_mt_binning_kernelILNS_11TileBinModeE1ELi16EEEviPKfPKjS3_S3_iiPKiPiS8_S8_S7_i' for 'sm_80'
ptxas info    : Function properties for _ZN4higs23fused_mt_binning_kernelILNS_11TileBinModeE1ELi16EEEviPKfPKjS3_S3_iiPKiPiS8_S8_S7_i
    0 bytes stack frame, 0 bytes spill stores, 0 bytes spill loads
ptxas info    : Used 40 registers, used 1 barriers, 444 bytes cmem[0]
ptxas info    : Compile time = 9.207 ms
[8/14 6 16.667s] /mnt/storage_pool/liaoyuanjun/higs-13scene-env/bin/nvcc --generate-dependencies-with-compile --dependency-output Projection.cuda.o.d -DTORCH_EXTENSION_NAME=experimental_gaussian_render_inference_scene_cuda -DTORCH_API_INCLUDE_EXTENSION_H -I/mnt/storage_pool/liaoyuanjun/higs_p2_1a_worktree/gsplat/cuda/include -I/mnt/storage_pool/liaoyuanjun/higs_p2_1a_worktree/gsplat/cuda/csrc -I/mnt/storage_pool/liaoyuanjun/higs_p2_1a_worktree/gsplat/experimental/render/kernels/cuda/csrc/gaussian_inference -I/mnt/storage_pool/liaoyuanjun/higs_p2_1a_worktree/gsplat/cuda/csrc/third_party/glm -I/mnt/storage_pool/liaoyuanjun/higs-13scene-env/targets/x86_64-linux/include -isystem /mnt/storage_pool/liaoyuanjun/higs-13scene-env/lib/python3.10/site-packages/torch/include -isystem /mnt/storage_pool/liaoyuanjun/higs-13scene-env/lib/python3.10/site-packages/torch/include/torch/csrc/api/include -isystem /mnt/storage_pool/liaoyuanjun/higs-13scene-env/include -isystem /mnt/storage_pool/liaoyuanjun/higs-13scene-env/include/python3.10 -D__CUDA_NO_HALF_OPERATORS__ -D__CUDA_NO_HALF_CONVERSIONS__ -D__CUDA_NO_BFLOAT16_CONVERSIONS__ -D__CUDA_NO_HALF2_OPERATORS__ --expt-relaxed-constexpr -gencode=arch=compute_80,code=sm_80 --compiler-options '-fPIC' --forward-unknown-opts -use_fast_math -diag-suppress 20012,186 --expt-relaxed-constexpr -std=c++20 -O3 -DNDEBUG -Wno-attributes -Wno-unknown-pragmas -DAT_PARALLEL_OPENMP -fopenmp -Xptxas -v -c /mnt/storage_pool/liaoyuanjun/higs_p2_1a_worktree/gsplat/experimental/render/kernels/cuda/csrc/gaussian_inference/Projection.cu -o Projection.cuda.o 
ptxas info    : 11 bytes gmem, 88 bytes cmem[4]
ptxas info    : Compiling entry function '_ZN4higs21projection_fwd_kernelILb1ELNS_11SHInputModeE1EEEvjjjPKfS3_PK6__halfS3_S3_jjffffN6gsplat15CameraModelTypeEPjPfSA_PS4_SA_iPKvffNS_14SHDecodeParamsESB_' for 'sm_80'
ptxas info    : Function properties for _ZN4higs21projection_fwd_kernelILb1ELNS_11SHInputModeE1EEEvjjjPKfS3_PK6__halfS3_S3_jjffffN6gsplat15CameraModelTypeEPjPfSA_PS4_SA_iPKvffNS_14SHDecodeParamsESB_
    0 bytes stack frame, 0 bytes spill stores, 0 bytes spill loads
ptxas info    : Used 56 registers, used 0 barriers, 608 bytes cmem[0]
ptxas info    : Compile time = 32.783 ms
ptxas info    : Compiling entry function '_ZN4higs21projection_fwd_kernelILb1ELNS_11SHInputModeE0EEEvjjjPKfS3_PK6__halfS3_S3_jjffffN6gsplat15CameraModelTypeEPjPfSA_PS4_SA_iPKvffNS_14SHDecodeParamsESB_' for 'sm_80'
ptxas info    : Function properties for _ZN4higs21projection_fwd_kernelILb1ELNS_11SHInputModeE0EEEvjjjPKfS3_PK6__halfS3_S3_jjffffN6gsplat15CameraModelTypeEPjPfSA_PS4_SA_iPKvffNS_14SHDecodeParamsESB_
    0 bytes stack frame, 0 bytes spill stores, 0 bytes spill loads
ptxas info    : Used 63 registers, used 0 barriers, 608 bytes cmem[0]
ptxas info    : Compile time = 28.991 ms
ptxas info    : Compiling entry function '_ZN4higs21projection_fwd_kernelILb1ELNS_11SHInputModeE3EEEvjjjPKfS3_PK6__halfS3_S3_jjffffN6gsplat15CameraModelTypeEPjPfSA_PS4_SA_iPKvffNS_14SHDecodeParamsESB_' for 'sm_80'
ptxas info    : Function properties for _ZN4higs21projection_fwd_kernelILb1ELNS_11SHInputModeE3EEEvjjjPKfS3_PK6__halfS3_S3_jjffffN6gsplat15CameraModelTypeEPjPfSA_PS4_SA_iPKvffNS_14SHDecodeParamsESB_
    0 bytes stack frame, 0 bytes spill stores, 0 bytes spill loads
ptxas info    : Used 56 registers, used 0 barriers, 608 bytes cmem[0]
ptxas info    : Compile time = 31.795 ms
ptxas info    : Compiling entry function '_ZN4higs21projection_fwd_kernelILb1ELNS_11SHInputModeE2EEEvjjjPKfS3_PK6__halfS3_S3_jjffffN6gsplat15CameraModelTypeEPjPfSA_PS4_SA_iPKvffNS_14SHDecodeParamsESB_' for 'sm_80'
ptxas info    : Function properties for _ZN4higs21projection_fwd_kernelILb1ELNS_11SHInputModeE2EEEvjjjPKfS3_PK6__halfS3_S3_jjffffN6gsplat15CameraModelTypeEPjPfSA_PS4_SA_iPKvffNS_14SHDecodeParamsESB_
    0 bytes stack frame, 0 bytes spill stores, 0 bytes spill loads
ptxas info    : Used 62 registers, used 0 barriers, 608 bytes cmem[0]
ptxas info    : Compile time = 40.439 ms
ptxas info    : Compiling entry function '_ZN4higs21projection_fwd_kernelILb0ELNS_11SHInputModeE1EEEvjjjPKfS3_PK6__halfS3_S3_jjffffN6gsplat15CameraModelTypeEPjPfSA_PS4_SA_iPKvffNS_14SHDecodeParamsESB_' for 'sm_80'
ptxas info    : Function properties for _ZN4higs21projection_fwd_kernelILb0ELNS_11SHInputModeE1EEEvjjjPKfS3_PK6__halfS3_S3_jjffffN6gsplat15CameraModelTypeEPjPfSA_PS4_SA_iPKvffNS_14SHDecodeParamsESB_
    0 bytes stack frame, 0 bytes spill stores, 0 bytes spill loads
ptxas info    : Used 38 registers, used 0 barriers, 608 bytes cmem[0]
ptxas info    : Compile time = 20.746 ms
[9/14 5 17.177s] /mnt/storage_pool/liaoyuanjun/higs-13scene-env/bin/nvcc --generate-dependencies-with-compile --dependency-output GatherVisible.cuda.o.d -DTORCH_EXTENSION_NAME=experimental_gaussian_render_inference_scene_cuda -DTORCH_API_INCLUDE_EXTENSION_H -I/mnt/storage_pool/liaoyuanjun/higs_p2_1a_worktree/gsplat/cuda/include -I/mnt/storage_pool/liaoyuanjun/higs_p2_1a_worktree/gsplat/cuda/csrc -I/mnt/storage_pool/liaoyuanjun/higs_p2_1a_worktree/gsplat/experimental/render/kernels/cuda/csrc/gaussian_inference -I/mnt/storage_pool/liaoyuanjun/higs_p2_1a_worktree/gsplat/cuda/csrc/third_party/glm -I/mnt/storage_pool/liaoyuanjun/higs-13scene-env/targets/x86_64-linux/include -isystem /mnt/storage_pool/liaoyuanjun/higs-13scene-env/lib/python3.10/site-packages/torch/include -isystem /mnt/storage_pool/liaoyuanjun/higs-13scene-env/lib/python3.10/site-packages/torch/include/torch/csrc/api/include -isystem /mnt/storage_pool/liaoyuanjun/higs-13scene-env/include -isystem /mnt/storage_pool/liaoyuanjun/higs-13scene-env/include/python3.10 -D__CUDA_NO_HALF_OPERATORS__ -D__CUDA_NO_HALF_CONVERSIONS__ -D__CUDA_NO_BFLOAT16_CONVERSIONS__ -D__CUDA_NO_HALF2_OPERATORS__ --expt-relaxed-constexpr -gencode=arch=compute_80,code=sm_80 --compiler-options '-fPIC' --forward-unknown-opts -use_fast_math -diag-suppress 20012,186 --expt-relaxed-constexpr -std=c++20 -O3 -DNDEBUG -Wno-attributes -Wno-unknown-pragmas -DAT_PARALLEL_OPENMP -fopenmp -Xptxas -v -c /mnt/storage_pool/liaoyuanjun/higs_p2_1a_worktree/gsplat/experimental/render/kernels/cuda/csrc/gaussian_inference/GatherVisible.cu -o GatherVisible.cuda.o 
/mnt/storage_pool/liaoyuanjun/higs_p2_1a_worktree/gsplat/experimental/render/kernels/cuda/csrc/gaussian_inference/GatherVisible.cu(78): warning #128-D: loop is not reachable
      for(; t < total; t += stride)
      ^
          detected during:
            instantiation of "void gsplat::gaussian_render_inference_scene::<unnamed>::gather_rows_kernel_t<INNER,ZERO_NEG>(const float *, const int64_t *, float *, int64_t) [with INNER=1, ZERO_NEG=true]" at line 141
            instantiation of "void gsplat::gaussian_render_inference_scene::<unnamed>::launch_gather_rows_impl<ZERO_NEG>(const at::Tensor &, const at::Tensor &, at::Tensor &, cudaStream_t) [with ZERO_NEG=true]" at line 174

Remark: The warnings can be suppressed with "-diag-suppress <warning-number>"

/mnt/storage_pool/liaoyuanjun/higs_p2_1a_worktree/gsplat/experimental/render/kernels/cuda/csrc/gaussian_inference/GatherVisible.cu(78): warning #128-D: loop is not reachable
      for(; t < total; t += stride)
      ^
          detected during:
            instantiation of "void gsplat::gaussian_render_inference_scene::<unnamed>::gather_rows_kernel_t<INNER,ZERO_NEG>(const float *, const int64_t *, float *, int64_t) [with INNER=1, ZERO_NEG=false]" at line 141
            instantiation of "void gsplat::gaussian_render_inference_scene::<unnamed>::launch_gather_rows_impl<ZERO_NEG>(const at::Tensor &, const at::Tensor &, at::Tensor &, cudaStream_t) [with ZERO_NEG=false]" at line 178

ptxas info    : 11 bytes gmem, 88 bytes cmem[4]
ptxas info    : Compiling entry function '_ZN6gsplat31gaussian_render_inference_scene49_GLOBAL__N__29beeb53_16_GatherVisible_cu_20b6e3ba22gather_rows_kernel_genILb0EEEvPKfPKlPfll' for 'sm_80'
ptxas info    : Function properties for _ZN6gsplat31gaussian_render_inference_scene49_GLOBAL__N__29beeb53_16_GatherVisible_cu_20b6e3ba22gather_rows_kernel_genILb0EEEvPKfPKlPfll
    0 bytes stack frame, 0 bytes spill stores, 0 bytes spill loads
ptxas info    : Used 32 registers, used 0 barriers, 392 bytes cmem[0]
ptxas info    : Compile time = 18.844 ms
ptxas info    : Compiling entry function '_ZN6gsplat31gaussian_render_inference_scene49_GLOBAL__N__29beeb53_16_GatherVisible_cu_20b6e3ba20gather_rows_kernel_tILi48ELb0EEEvPKfPKlPfl' for 'sm_80'
ptxas info    : Function properties for _ZN6gsplat31gaussian_render_inference_scene49_GLOBAL__N__29beeb53_16_GatherVisible_cu_20b6e3ba20gather_rows_kernel_tILi48ELb0EEEvPKfPKlPfl
    0 bytes stack frame, 0 bytes spill stores, 0 bytes spill loads
ptxas info    : Used 32 registers, used 0 barriers, 384 bytes cmem[0]
ptxas info    : Compile time = 11.712 ms
ptxas info    : Compiling entry function '_ZN6gsplat31gaussian_render_inference_scene49_GLOBAL__N__29beeb53_16_GatherVisible_cu_20b6e3ba20gather_rows_kernel_tILi27ELb0EEEvPKfPKlPfl' for 'sm_80'
ptxas info    : Function properties for _ZN6gsplat31gaussian_render_inference_scene49_GLOBAL__N__29beeb53_16_GatherVisible_cu_20b6e3ba20gather_rows_kernel_tILi27ELb0EEEvPKfPKlPfl
    0 bytes stack frame, 0 bytes spill stores, 0 bytes spill loads
ptxas info    : Used 32 registers, used 0 barriers, 384 bytes cmem[0]
ptxas info    : Compile time = 11.179 ms
ptxas info    : Compiling entry function '_ZN6gsplat31gaussian_render_inference_scene49_GLOBAL__N__29beeb53_16_GatherVisible_cu_20b6e3ba20gather_rows_kernel_tILi12ELb0EEEvPKfPKlPfl' for 'sm_80'
ptxas info    : Function properties for _ZN6gsplat31gaussian_render_inference_scene49_GLOBAL__N__29beeb53_16_GatherVisible_cu_20b6e3ba20gather_rows_kernel_tILi12ELb0EEEvPKfPKlPfl
    0 bytes stack frame, 0 bytes spill stores, 0 bytes spill loads
ptxas info    : Used 32 registers, used 0 barriers, 384 bytes cmem[0]
ptxas info    : Compile time = 11.185 ms
ptxas info    : Compiling entry function '_ZN6gsplat31gaussian_render_inference_scene49_GLOBAL__N__29beeb53_16_GatherVisible_cu_20b6e3ba20gather_rows_kernel_tILi4ELb0EEEvPKfPKlPfl' for 'sm_80'
ptxas info    : Function properties for _ZN6gsplat31gaussian_render_inference_scene49_GLOBAL__N__29beeb53_16_GatherVisible_cu_20b6e3ba20gather_rows_kernel_tILi4ELb0EEEvPKfPKlPfl
    0 bytes stack frame, 0 bytes spill stores, 0 bytes spill loads
ptxas info    : Used 26 registers, used 0 barriers, 384 bytes cmem[0]
ptxas info    : Compile time = 9.956 ms
ptxas info    : Compiling entry function '_ZN6gsplat31gaussian_render_inference_scene49_GLOBAL__N__29beeb53_16_GatherVisible_cu_20b6e3ba20gather_rows_kernel_tILi3ELb0EEEvPKfPKlPfl' for 'sm_80'
ptxas info    : Function properties for _ZN6gsplat31gaussian_render_inference_scene49_GLOBAL__N__29beeb53_16_GatherVisible_cu_20b6e3ba20gather_rows_kernel_tILi3ELb0EEEvPKfPKlPfl
    0 bytes stack frame, 0 bytes spill stores, 0 bytes spill loads
ptxas info    : Used 32 registers, used 0 barriers, 384 bytes cmem[0]
ptxas info    : Compile time = 11.107 ms
ptxas info    : Compiling entry function '_ZN6gsplat31gaussian_render_inference_scene49_GLOBAL__N__29beeb53_16_GatherVisible_cu_20b6e3ba20gather_rows_kernel_tILi1ELb0EEEvPKfPKlPfl' for 'sm_80'
ptxas info    : Function properties for _ZN6gsplat31gaussian_render_inference_scene49_GLOBAL__N__29beeb53_16_GatherVisible_cu_20b6e3ba20gather_rows_kernel_tILi1ELb0EEEvPKfPKlPfl
    0 bytes stack frame, 0 bytes spill stores, 0 bytes spill loads
ptxas info    : Used 32 registers, used 0 barriers, 384 bytes cmem[0]
ptxas info    : Compile time = 8.758 ms
ptxas info    : Compiling entry function '_ZN6gsplat31gaussian_render_inference_scene49_GLOBAL__N__29beeb53_16_GatherVisible_cu_20b6e3ba22gather_rows_kernel_genILb1EEEvPKfPKlPfll' for 'sm_80'
ptxas info    : Function properties for _ZN6gsplat31gaussian_render_inference_scene49_GLOBAL__N__29beeb53_16_GatherVisible_cu_20b6e3ba22gather_rows_kernel_genILb1EEEvPKfPKlPfll
    0 bytes stack frame, 0 bytes spill stores, 0 bytes spill loads
ptxas info    : Used 34 registers, used 0 barriers, 392 bytes cmem[0]
ptxas info    : Compile time = 18.982 ms
ptxas info    : Compiling entry function '_ZN6gsplat31gaussian_render_inference_scene49_GLOBAL__N__29beeb53_16_GatherVisible_cu_20b6e3ba20gather_rows_kernel_tILi48ELb1EEEvPKfPKlPfl' for 'sm_80'
ptxas info    : Function properties for _ZN6gsplat31gaussian_render_inference_scene49_GLOBAL__N__29beeb53_16_GatherVisible_cu_20b6e3ba20gather_rows_kernel_tILi48ELb1EEEvPKfPKlPfl
    0 bytes stack frame, 0 bytes spill stores, 0 bytes spill loads
ptxas info    : Used 32 registers, used 0 barriers, 384 bytes cmem[0]
ptxas info    : Compile time = 12.309 ms
ptxas info    : Compiling entry function '_ZN6gsplat31gaussian_render_inference_scene49_GLOBAL__N__29beeb53_16_GatherVisible_cu_20b6e3ba20gather_rows_kernel_tILi27ELb1EEEvPKfPKlPfl' for 'sm_80'
ptxas info    : Function properties for _ZN6gsplat31gaussian_render_inference_scene49_GLOBAL__N__29beeb53_16_GatherVisible_cu_20b6e3ba20gather_rows_kernel_tILi27ELb1EEEvPKfPKlPfl
    0 bytes stack frame, 0 bytes spill stores, 0 bytes spill loads
ptxas info    : Used 32 registers, used 0 barriers, 384 bytes cmem[0]
ptxas info    : Compile time = 12.214 ms
ptxas info    : Compiling entry function '_ZN6gsplat31gaussian_render_inference_scene49_GLOBAL__N__29beeb53_16_GatherVisible_cu_20b6e3ba20gather_rows_kernel_tILi12ELb1EEEvPKfPKlPfl' for 'sm_80'
ptxas info    : Function properties for _ZN6gsplat31gaussian_render_inference_scene49_GLOBAL__N__29beeb53_16_GatherVisible_cu_20b6e3ba20gather_rows_kernel_tILi12ELb1EEEvPKfPKlPfl
    0 bytes stack frame, 0 bytes spill stores, 0 bytes spill loads
ptxas info    : Used 32 registers, used 0 barriers, 384 bytes cmem[0]
ptxas info    : Compile time = 12.193 ms
ptxas info    : Compiling entry function '_ZN6gsplat31gaussian_render_inference_scene49_GLOBAL__N__29beeb53_16_GatherVisible_cu_20b6e3ba20gather_rows_kernel_tILi4ELb1EEEvPKfPKlPfl' for 'sm_80'
ptxas info    : Function properties for _ZN6gsplat31gaussian_render_inference_scene49_GLOBAL__N__29beeb53_16_GatherVisible_cu_20b6e3ba20gather_rows_kernel_tILi4ELb1EEEvPKfPKlPfl
    0 bytes stack frame, 0 bytes spill stores, 0 bytes spill loads
ptxas info    : Used 32 registers, used 0 barriers, 384 bytes cmem[0]
ptxas info    : Compile time = 10.795 ms
ptxas info    : Compiling entry function '_ZN6gsplat31gaussian_render_inference_scene49_GLOBAL__N__29beeb53_16_GatherVisible_cu_20b6e3ba20gather_rows_kernel_tILi3ELb1EEEvPKfPKlPfl' for 'sm_80'
ptxas info    : Function properties for _ZN6gsplat31gaussian_render_inference_scene49_GLOBAL__N__29beeb53_16_GatherVisible_cu_20b6e3ba20gather_rows_kernel_tILi3ELb1EEEvPKfPKlPfl
    0 bytes stack frame, 0 bytes spill stores, 0 bytes spill loads
ptxas info    : Used 32 registers, used 0 barriers, 384 bytes cmem[0]
ptxas info    : Compile time = 12.187 ms
ptxas info    : Compiling entry function '_ZN6gsplat31gaussian_render_inference_scene49_GLOBAL__N__29beeb53_16_GatherVisible_cu_20b6e3ba20gather_rows_kernel_tILi1ELb1EEEvPKfPKlPfl' for 'sm_80'
ptxas info    : Function properties for _ZN6gsplat31gaussian_render_inference_scene49_GLOBAL__N__29beeb53_16_GatherVisible_cu_20b6e3ba20gather_rows_kernel_tILi1ELb1EEEvPKfPKlPfl
    0 bytes stack frame, 0 bytes spill stores, 0 bytes spill loads
ptxas info    : Used 24 registers, used 0 barriers, 384 bytes cmem[0]
ptxas info    : Compile time = 9.777 ms
ptxas info    : Compiling entry function '_ZN6gsplat31gaussian_render_inference_scene27union_visible_mask_kernel_tIfEEvPKT_Pbll' for 'sm_80'
ptxas info    : Function properties for _ZN6gsplat31gaussian_render_inference_scene27union_visible_mask_kernel_tIfEEvPKT_Pbll
    0 bytes stack frame, 0 bytes spill stores, 0 bytes spill loads
ptxas info    : Used 12 registers, used 0 barriers, 384 bytes cmem[0]
ptxas info    : Compile time = 2.166 ms
ptxas info    : Compiling entry function '_ZN6gsplat31gaussian_render_inference_scene27union_visible_mask_kernel_tIiEEvPKT_Pbll' for 'sm_80'
ptxas info    : Function properties for _ZN6gsplat31gaussian_render_inference_scene27union_visible_mask_kernel_tIiEEvPKT_Pbll
    0 bytes stack frame, 0 bytes spill stores, 0 bytes spill loads
ptxas info    : Used 12 registers, used 0 barriers, 384 bytes cmem[0]
ptxas info    : Compile time = 2.059 ms
[10/14 4 20.416s] /mnt/storage_pool/liaoyuanjun/higs-13scene-env/bin/nvcc --generate-dependencies-with-compile --dependency-output HigsNativeBackward.cuda.o.d -DTORCH_EXTENSION_NAME=experimental_gaussian_render_inference_scene_cuda -DTORCH_API_INCLUDE_EXTENSION_H -I/mnt/storage_pool/liaoyuanjun/higs_p2_1a_worktree/gsplat/cuda/include -I/mnt/storage_pool/liaoyuanjun/higs_p2_1a_worktree/gsplat/cuda/csrc -I/mnt/storage_pool/liaoyuanjun/higs_p2_1a_worktree/gsplat/experimental/render/kernels/cuda/csrc/gaussian_inference -I/mnt/storage_pool/liaoyuanjun/higs_p2_1a_worktree/gsplat/cuda/csrc/third_party/glm -I/mnt/storage_pool/liaoyuanjun/higs-13scene-env/targets/x86_64-linux/include -isystem /mnt/storage_pool/liaoyuanjun/higs-13scene-env/lib/python3.10/site-packages/torch/include -isystem /mnt/storage_pool/liaoyuanjun/higs-13scene-env/lib/python3.10/site-packages/torch/include/torch/csrc/api/include -isystem /mnt/storage_pool/liaoyuanjun/higs-13scene-env/include -isystem /mnt/storage_pool/liaoyuanjun/higs-13scene-env/include/python3.10 -D__CUDA_NO_HALF_OPERATORS__ -D__CUDA_NO_HALF_CONVERSIONS__ -D__CUDA_NO_BFLOAT16_CONVERSIONS__ -D__CUDA_NO_HALF2_OPERATORS__ --expt-relaxed-constexpr -gencode=arch=compute_80,code=sm_80 --compiler-options '-fPIC' --forward-unknown-opts -use_fast_math -diag-suppress 20012,186 --expt-relaxed-constexpr -std=c++20 -O3 -DNDEBUG -Wno-attributes -Wno-unknown-pragmas -DAT_PARALLEL_OPENMP -fopenmp -Xptxas -v -c /mnt/storage_pool/liaoyuanjun/higs_p2_1a_worktree/gsplat/experimental/render/kernels/cuda/csrc/gaussian_inference/HigsNativeBackward.cu -o HigsNativeBackward.cuda.o 
ptxas info    : 11 bytes gmem, 88 bytes cmem[4]
ptxas info    : Compiling entry function '_ZN6gsplat31gaussian_render_inference_scene54_GLOBAL__N__ec8e9264_21_HigsNativeBackward_cu_54b25c6724higs_blend_bwd_px_kernelILj4ELj4EEEvjjjPKN3glm3vecILi2EfLNS3_9qualifierE0EEEPKNS4_ILi3EfLS5_0EEEPKfSD_SD_jjPKibjjjSF_SF_SD_SF_SD_SD_PS6_PS9_PfSI_SI_' for 'sm_80'
ptxas info    : Function properties for _ZN6gsplat31gaussian_render_inference_scene54_GLOBAL__N__ec8e9264_21_HigsNativeBackward_cu_54b25c6724higs_blend_bwd_px_kernelILj4ELj4EEEvjjjPKN3glm3vecILi2EfLNS3_9qualifierE0EEEPKNS4_ILi3EfLS5_0EEEPKfSD_SD_jjPKibjjjSF_SF_SD_SF_SD_SD_PS6_PS9_PfSI_SI_
    0 bytes stack frame, 0 bytes spill stores, 0 bytes spill loads
ptxas info    : Used 105 registers, used 1 barriers, 528 bytes cmem[0]
ptxas info    : Compile time = 55.475 ms
ptxas info    : Compiling entry function '_ZN6gsplat31gaussian_render_inference_scene54_GLOBAL__N__ec8e9264_21_HigsNativeBackward_cu_54b25c6724higs_blend_bwd_px_kernelILj4ELj2EEEvjjjPKN3glm3vecILi2EfLNS3_9qualifierE0EEEPKNS4_ILi3EfLS5_0EEEPKfSD_SD_jjPKibjjjSF_SF_SD_SF_SD_SD_PS6_PS9_PfSI_SI_' for 'sm_80'
ptxas info    : Function properties for _ZN6gsplat31gaussian_render_inference_scene54_GLOBAL__N__ec8e9264_21_HigsNativeBackward_cu_54b25c6724higs_blend_bwd_px_kernelILj4ELj2EEEvjjjPKN3glm3vecILi2EfLNS3_9qualifierE0EEEPKNS4_ILi3EfLS5_0EEEPKfSD_SD_jjPKibjjjSF_SF_SD_SF_SD_SD_PS6_PS9_PfSI_SI_
    0 bytes stack frame, 0 bytes spill stores, 0 bytes spill loads
ptxas info    : Used 72 registers, used 1 barriers, 528 bytes cmem[0]
ptxas info    : Compile time = 37.254 ms
ptxas info    : Compiling entry function '_ZN6gsplat31gaussian_render_inference_scene54_GLOBAL__N__ec8e9264_21_HigsNativeBackward_cu_54b25c6724higs_blend_bwd_px_kernelILj4ELj1EEEvjjjPKN3glm3vecILi2EfLNS3_9qualifierE0EEEPKNS4_ILi3EfLS5_0EEEPKfSD_SD_jjPKibjjjSF_SF_SD_SF_SD_SD_PS6_PS9_PfSI_SI_' for 'sm_80'
ptxas info    : Function properties for _ZN6gsplat31gaussian_render_inference_scene54_GLOBAL__N__ec8e9264_21_HigsNativeBackward_cu_54b25c6724higs_blend_bwd_px_kernelILj4ELj1EEEvjjjPKN3glm3vecILi2EfLNS3_9qualifierE0EEEPKNS4_ILi3EfLS5_0EEEPKfSD_SD_jjPKibjjjSF_SF_SD_SF_SD_SD_PS6_PS9_PfSI_SI_
    0 bytes stack frame, 0 bytes spill stores, 0 bytes spill loads
ptxas info    : Used 40 registers, used 1 barriers, 528 bytes cmem[0]
ptxas info    : Compile time = 27.945 ms
ptxas info    : Compiling entry function '_ZN6gsplat31gaussian_render_inference_scene54_GLOBAL__N__ec8e9264_21_HigsNativeBackward_cu_54b25c6721higs_blend_bwd_kernelILj4EEEvjjjPKN3glm3vecILi2EfLNS3_9qualifierE0EEEPKNS4_ILi3EfLS5_0EEEPKfSD_SD_jjPKibjjjSF_SF_SD_SF_SD_SD_PS6_PS9_PfSI_SI_' for 'sm_80'
ptxas info    : Function properties for _ZN6gsplat31gaussian_render_inference_scene54_GLOBAL__N__ec8e9264_21_HigsNativeBackward_cu_54b25c6721higs_blend_bwd_kernelILj4EEEvjjjPKN3glm3vecILi2EfLNS3_9qualifierE0EEEPKNS4_ILi3EfLS5_0EEEPKfSD_SD_jjPKibjjjSF_SF_SD_SF_SD_SD_PS6_PS9_PfSI_SI_
    0 bytes stack frame, 0 bytes spill stores, 0 bytes spill loads
ptxas info    : Used 48 registers, used 1 barriers, 528 bytes cmem[0]
ptxas info    : Compile time = 27.755 ms
ptxas info    : Compiling entry function '_ZN6gsplat31gaussian_render_inference_scene54_GLOBAL__N__ec8e9264_21_HigsNativeBackward_cu_54b25c6724higs_blend_bwd_px_kernelILj3ELj4EEEvjjjPKN3glm3vecILi2EfLNS3_9qualifierE0EEEPKNS4_ILi3EfLS5_0EEEPKfSD_SD_jjPKibjjjSF_SF_SD_SF_SD_SD_PS6_PS9_PfSI_SI_' for 'sm_80'
ptxas info    : Function properties for _ZN6gsplat31gaussian_render_inference_scene54_GLOBAL__N__ec8e9264_21_HigsNativeBackward_cu_54b25c6724higs_blend_bwd_px_kernelILj3ELj4EEEvjjjPKN3glm3vecILi2EfLNS3_9qualifierE0EEEPKNS4_ILi3EfLS5_0EEEPKfSD_SD_jjPKibjjjSF_SF_SD_SF_SD_SD_PS6_PS9_PfSI_SI_
    0 bytes stack frame, 0 bytes spill stores, 0 bytes spill loads
ptxas info    : Used 91 registers, used 1 barriers, 528 bytes cmem[0]
ptxas info    : Compile time = 54.779 ms
ptxas info    : Compiling entry function '_ZN6gsplat31gaussian_render_inference_scene54_GLOBAL__N__ec8e9264_21_HigsNativeBackward_cu_54b25c6724higs_blend_bwd_px_kernelILj3ELj2EEEvjjjPKN3glm3vecILi2EfLNS3_9qualifierE0EEEPKNS4_ILi3EfLS5_0EEEPKfSD_SD_jjPKibjjjSF_SF_SD_SF_SD_SD_PS6_PS9_PfSI_SI_' for 'sm_80'
ptxas info    : Function properties for _ZN6gsplat31gaussian_render_inference_scene54_GLOBAL__N__ec8e9264_21_HigsNativeBackward_cu_54b25c6724higs_blend_bwd_px_kernelILj3ELj2EEEvjjjPKN3glm3vecILi2EfLNS3_9qualifierE0EEEPKNS4_ILi3EfLS5_0EEEPKfSD_SD_jjPKibjjjSF_SF_SD_SF_SD_SD_PS6_PS9_PfSI_SI_
    0 bytes stack frame, 0 bytes spill stores, 0 bytes spill loads
ptxas info    : Used 67 registers, used 1 barriers, 528 bytes cmem[0]
ptxas info    : Compile time = 36.871 ms
ptxas info    : Compiling entry function '_ZN6gsplat31gaussian_render_inference_scene54_GLOBAL__N__ec8e9264_21_HigsNativeBackward_cu_54b25c6724higs_blend_bwd_px_kernelILj3ELj1EEEvjjjPKN3glm3vecILi2EfLNS3_9qualifierE0EEEPKNS4_ILi3EfLS5_0EEEPKfSD_SD_jjPKibjjjSF_SF_SD_SF_SD_SD_PS6_PS9_PfSI_SI_' for 'sm_80'
ptxas info    : Function properties for _ZN6gsplat31gaussian_render_inference_scene54_GLOBAL__N__ec8e9264_21_HigsNativeBackward_cu_54b25c6724higs_blend_bwd_px_kernelILj3ELj1EEEvjjjPKN3glm3vecILi2EfLNS3_9qualifierE0EEEPKNS4_ILi3EfLS5_0EEEPKfSD_SD_jjPKibjjjSF_SF_SD_SF_SD_SD_PS6_PS9_PfSI_SI_
    0 bytes stack frame, 0 bytes spill stores, 0 bytes spill loads
ptxas info    : Used 40 registers, used 1 barriers, 528 bytes cmem[0]
ptxas info    : Compile time = 26.694 ms
ptxas info    : Compiling entry function '_ZN6gsplat31gaussian_render_inference_scene54_GLOBAL__N__ec8e9264_21_HigsNativeBackward_cu_54b25c6721higs_blend_bwd_kernelILj3EEEvjjjPKN3glm3vecILi2EfLNS3_9qualifierE0EEEPKNS4_ILi3EfLS5_0EEEPKfSD_SD_jjPKibjjjSF_SF_SD_SF_SD_SD_PS6_PS9_PfSI_SI_' for 'sm_80'
ptxas info    : Function properties for _ZN6gsplat31gaussian_render_inference_scene54_GLOBAL__N__ec8e9264_21_HigsNativeBackward_cu_54b25c6721higs_blend_bwd_kernelILj3EEEvjjjPKN3glm3vecILi2EfLNS3_9qualifierE0EEEPKNS4_ILi3EfLS5_0EEEPKfSD_SD_jjPKibjjjSF_SF_SD_SF_SD_SD_PS6_PS9_PfSI_SI_
    0 bytes stack frame, 0 bytes spill stores, 0 bytes spill loads
ptxas info    : Used 48 registers, used 1 barriers, 528 bytes cmem[0]
ptxas info    : Compile time = 26.494 ms
ptxas info    : Compiling entry function '_ZN6gsplat31gaussian_render_inference_scene54_GLOBAL__N__ec8e9264_21_HigsNativeBackward_cu_54b25c6724higs_blend_bwd_px_kernelILj1ELj4EEEvjjjPKN3glm3vecILi2EfLNS3_9qualifierE0EEEPKNS4_ILi3EfLS5_0EEEPKfSD_SD_jjPKibjjjSF_SF_SD_SF_SD_SD_PS6_PS9_PfSI_SI_' for 'sm_80'
ptxas info    : Function properties for _ZN6gsplat31gaussian_render_inference_scene54_GLOBAL__N__ec8e9264_21_HigsNativeBackward_cu_54b25c6724higs_blend_bwd_px_kernelILj1ELj4EEEvjjjPKN3glm3vecILi2EfLNS3_9qualifierE0EEEPKNS4_ILi3EfLS5_0EEEPKfSD_SD_jjPKibjjjSF_SF_SD_SF_SD_SD_PS6_PS9_PfSI_SI_
    0 bytes stack frame, 0 bytes spill stores, 0 bytes spill loads
ptxas info    : Used 76 registers, used 1 barriers, 528 bytes cmem[0]
ptxas info    : Compile time = 48.351 ms
ptxas info    : Compiling entry function '_ZN6gsplat31gaussian_render_inference_scene54_GLOBAL__N__ec8e9264_21_HigsNativeBackward_cu_54b25c6724higs_blend_bwd_px_kernelILj1ELj2EEEvjjjPKN3glm3vecILi2EfLNS3_9qualifierE0EEEPKNS4_ILi3EfLS5_0EEEPKfSD_SD_jjPKibjjjSF_SF_SD_SF_SD_SD_PS6_PS9_PfSI_SI_' for 'sm_80'
ptxas info    : Function properties for _ZN6gsplat31gaussian_render_inference_scene54_GLOBAL__N__ec8e9264_21_HigsNativeBackward_cu_54b25c6724higs_blend_bwd_px_kernelILj1ELj2EEEvjjjPKN3glm3vecILi2EfLNS3_9qualifierE0EEEPKNS4_ILi3EfLS5_0EEEPKfSD_SD_jjPKibjjjSF_SF_SD_SF_SD_SD_PS6_PS9_PfSI_SI_
    0 bytes stack frame, 0 bytes spill stores, 0 bytes spill loads
ptxas info    : Used 54 registers, used 1 barriers, 528 bytes cmem[0]
ptxas info    : Compile time = 34.418 ms
ptxas info    : Compiling entry function '_ZN6gsplat31gaussian_render_inference_scene54_GLOBAL__N__ec8e9264_21_HigsNativeBackward_cu_54b25c6724higs_blend_bwd_px_kernelILj1ELj1EEEvjjjPKN3glm3vecILi2EfLNS3_9qualifierE0EEEPKNS4_ILi3EfLS5_0EEEPKfSD_SD_jjPKibjjjSF_SF_SD_SF_SD_SD_PS6_PS9_PfSI_SI_' for 'sm_80'
ptxas info    : Function properties for _ZN6gsplat31gaussian_render_inference_scene54_GLOBAL__N__ec8e9264_21_HigsNativeBackward_cu_54b25c6724higs_blend_bwd_px_kernelILj1ELj1EEEvjjjPKN3glm3vecILi2EfLNS3_9qualifierE0EEEPKNS4_ILi3EfLS5_0EEEPKfSD_SD_jjPKibjjjSF_SF_SD_SF_SD_SD_PS6_PS9_PfSI_SI_
    0 bytes stack frame, 0 bytes spill stores, 0 bytes spill loads
ptxas info    : Used 40 registers, used 1 barriers, 528 bytes cmem[0]
ptxas info    : Compile time = 21.842 ms
ptxas info    : Compiling entry function '_ZN6gsplat31gaussian_render_inference_scene54_GLOBAL__N__ec8e9264_21_HigsNativeBackward_cu_54b25c6721higs_blend_bwd_kernelILj1EEEvjjjPKN3glm3vecILi2EfLNS3_9qualifierE0EEEPKNS4_ILi3EfLS5_0EEEPKfSD_SD_jjPKibjjjSF_SF_SD_SF_SD_SD_PS6_PS9_PfSI_SI_' for 'sm_80'
ptxas info    : Function properties for _ZN6gsplat31gaussian_render_inference_scene54_GLOBAL__N__ec8e9264_21_HigsNativeBackward_cu_54b25c6721higs_blend_bwd_kernelILj1EEEvjjjPKN3glm3vecILi2EfLNS3_9qualifierE0EEEPKNS4_ILi3EfLS5_0EEEPKfSD_SD_jjPKibjjjSF_SF_SD_SF_SD_SD_PS6_PS9_PfSI_SI_
    0 bytes stack frame, 0 bytes spill stores, 0 bytes spill loads
ptxas info    : Used 48 registers, used 1 barriers, 528 bytes cmem[0]
ptxas info    : Compile time = 21.683 ms
ptxas info    : Compiling entry function '_ZN6gsplat31gaussian_render_inference_scene54_GLOBAL__N__ec8e9264_21_HigsNativeBackward_cu_54b25c6725higs_reduce_master_kernelEjjjjPKfPKlPf' for 'sm_80'
ptxas info    : Function properties for _ZN6gsplat31gaussian_render_inference_scene54_GLOBAL__N__ec8e9264_21_HigsNativeBackward_cu_54b25c6725higs_reduce_master_kernelEjjjjPKfPKlPf
    0 bytes stack frame, 0 bytes spill stores, 0 bytes spill loads
ptxas info    : Used 32 registers, used 0 barriers, 392 bytes cmem[0]
ptxas info    : Compile time = 14.300 ms
ptxas info    : Compiling entry function '_ZN6gsplat31gaussian_render_inference_scene54_GLOBAL__N__ec8e9264_21_HigsNativeBackward_cu_54b25c6723higs_sh_vjp_grid_kernelEjjjjjjjPKiPKfS5_S5_S5_S5_PKlPfS8_' for 'sm_80'
ptxas info    : Function properties for _ZN6gsplat31gaussian_render_inference_scene54_GLOBAL__N__ec8e9264_21_HigsNativeBackward_cu_54b25c6723higs_sh_vjp_grid_kernelEjjjjjjjPKiPKfS5_S5_S5_S5_PKlPfS8_
    0 bytes stack frame, 0 bytes spill stores, 0 bytes spill loads
ptxas info    : Used 48 registers, used 0 barriers, 456 bytes cmem[0]
ptxas info    : Compile time = 23.474 ms
ptxas info    : Compiling entry function '_ZN6gsplat31gaussian_render_inference_scene54_GLOBAL__N__ec8e9264_21_HigsNativeBackward_cu_54b25c6728higs_camera_positions_kernelEPKfPfj' for 'sm_80'
ptxas info    : Function properties for _ZN6gsplat31gaussian_render_inference_scene54_GLOBAL__N__ec8e9264_21_HigsNativeBackward_cu_54b25c6728higs_camera_positions_kernelEPKfPfj
    0 bytes stack frame, 0 bytes spill stores, 0 bytes spill loads
ptxas info    : Used 19 registers, used 0 barriers, 372 bytes cmem[0]
ptxas info    : Compile time = 1.734 ms
ptxas info    : Compiling entry function '_ZN6gsplat31gaussian_render_inference_scene54_GLOBAL__N__ec8e9264_21_HigsNativeBackward_cu_54b25c6726higs_projection_bwd_kernelEjjjPKfS3_S3_S3_S3_ljjPKiPKN3glm3vecILi3EfLNS6_9qualifierE0EEEPKNS7_ILi2EfLS8_0EEESB_S3_iiPKlPfSH_SH_' for 'sm_80'
ptxas info    : Function properties for _ZN6gsplat31gaussian_render_inference_scene54_GLOBAL__N__ec8e9264_21_HigsNativeBackward_cu_54b25c6726higs_projection_bwd_kernelEjjjPKfS3_S3_S3_S3_ljjPKiPKN3glm3vecILi3EfLNS6_9qualifierE0EEEPKNS7_ILi2EfLS8_0EEESB_S3_iiPKlPfSH_SH_
    0 bytes stack frame, 0 bytes spill stores, 0 bytes spill loads
ptxas info    : Used 96 registers, used 0 barriers, 504 bytes cmem[0]
ptxas info    : Compile time = 103.492 ms
ptxas info    : Compiling entry function '_ZN6gsplat31gaussian_render_inference_scene54_GLOBAL__N__ec8e9264_21_HigsNativeBackward_cu_54b25c6726higs_background_bwd_kernelEjjPKfS3_Pf' for 'sm_80'
ptxas info    : Function properties for _ZN6gsplat31gaussian_render_inference_scene54_GLOBAL__N__ec8e9264_21_HigsNativeBackward_cu_54b25c6726higs_background_bwd_kernelEjjPKfS3_Pf
    0 bytes stack frame, 0 bytes spill stores, 0 bytes spill loads
ptxas info    : Used 30 registers, used 0 barriers, 384 bytes cmem[0]
ptxas info    : Compile time = 3.201 ms
[11/14 3 23.871s] /mnt/storage_pool/liaoyuanjun/higs-13scene-env/bin/nvcc --generate-dependencies-with-compile --dependency-output GaussianRenderInferenceScene.cuda.o.d -DTORCH_EXTENSION_NAME=experimental_gaussian_render_inference_scene_cuda -DTORCH_API_INCLUDE_EXTENSION_H -I/mnt/storage_pool/liaoyuanjun/higs_p2_1a_worktree/gsplat/cuda/include -I/mnt/storage_pool/liaoyuanjun/higs_p2_1a_worktree/gsplat/cuda/csrc -I/mnt/storage_pool/liaoyuanjun/higs_p2_1a_worktree/gsplat/experimental/render/kernels/cuda/csrc/gaussian_inference -I/mnt/storage_pool/liaoyuanjun/higs_p2_1a_worktree/gsplat/cuda/csrc/third_party/glm -I/mnt/storage_pool/liaoyuanjun/higs-13scene-env/targets/x86_64-linux/include -isystem /mnt/storage_pool/liaoyuanjun/higs-13scene-env/lib/python3.10/site-packages/torch/include -isystem /mnt/storage_pool/liaoyuanjun/higs-13scene-env/lib/python3.10/site-packages/torch/include/torch/csrc/api/include -isystem /mnt/storage_pool/liaoyuanjun/higs-13scene-env/include -isystem /mnt/storage_pool/liaoyuanjun/higs-13scene-env/include/python3.10 -D__CUDA_NO_HALF_OPERATORS__ -D__CUDA_NO_HALF_CONVERSIONS__ -D__CUDA_NO_BFLOAT16_CONVERSIONS__ -D__CUDA_NO_HALF2_OPERATORS__ --expt-relaxed-constexpr -gencode=arch=compute_80,code=sm_80 --compiler-options '-fPIC' --forward-unknown-opts -use_fast_math -diag-suppress 20012,186 --expt-relaxed-constexpr -std=c++20 -O3 -DNDEBUG -Wno-attributes -Wno-unknown-pragmas -DAT_PARALLEL_OPENMP -fopenmp -Xptxas -v -c /mnt/storage_pool/liaoyuanjun/higs_p2_1a_worktree/gsplat/experimental/render/kernels/cuda/csrc/gaussian_inference/GaussianRenderInferenceScene.cu -o GaussianRenderInferenceScene.cuda.o 
ptxas info    : 11 bytes gmem, 88 bytes cmem[4]
[12/14 2 24.586s] c++ -MMD -MF ext.o.d -DTORCH_EXTENSION_NAME=experimental_gaussian_render_inference_scene_cuda -DTORCH_API_INCLUDE_EXTENSION_H -I/mnt/storage_pool/liaoyuanjun/higs_p2_1a_worktree/gsplat/cuda/include -I/mnt/storage_pool/liaoyuanjun/higs_p2_1a_worktree/gsplat/cuda/csrc -I/mnt/storage_pool/liaoyuanjun/higs_p2_1a_worktree/gsplat/experimental/render/kernels/cuda/csrc/gaussian_inference -I/mnt/storage_pool/liaoyuanjun/higs_p2_1a_worktree/gsplat/cuda/csrc/third_party/glm -I/mnt/storage_pool/liaoyuanjun/higs-13scene-env/targets/x86_64-linux/include -isystem /mnt/storage_pool/liaoyuanjun/higs-13scene-env/lib/python3.10/site-packages/torch/include -isystem /mnt/storage_pool/liaoyuanjun/higs-13scene-env/lib/python3.10/site-packages/torch/include/torch/csrc/api/include -isystem /mnt/storage_pool/liaoyuanjun/higs-13scene-env/include -isystem /mnt/storage_pool/liaoyuanjun/higs-13scene-env/include/python3.10 -fPIC -std=c++17 -std=c++20 -O3 -DNDEBUG -Wno-attributes -Wno-unknown-pragmas -DAT_PARALLEL_OPENMP -fopenmp -c /mnt/storage_pool/liaoyuanjun/higs_p2_1a_worktree/gsplat/experimental/render/kernels/cuda/ext.cpp -o ext.o 
[13/14 1 54.495s] /mnt/storage_pool/liaoyuanjun/higs-13scene-env/bin/nvcc --generate-dependencies-with-compile --dependency-output GatherlessProjectedProducer.cuda.o.d -DTORCH_EXTENSION_NAME=experimental_gaussian_render_inference_scene_cuda -DTORCH_API_INCLUDE_EXTENSION_H -I/mnt/storage_pool/liaoyuanjun/higs_p2_1a_worktree/gsplat/cuda/include -I/mnt/storage_pool/liaoyuanjun/higs_p2_1a_worktree/gsplat/cuda/csrc -I/mnt/storage_pool/liaoyuanjun/higs_p2_1a_worktree/gsplat/experimental/render/kernels/cuda/csrc/gaussian_inference -I/mnt/storage_pool/liaoyuanjun/higs_p2_1a_worktree/gsplat/cuda/csrc/third_party/glm -I/mnt/storage_pool/liaoyuanjun/higs-13scene-env/targets/x86_64-linux/include -isystem /mnt/storage_pool/liaoyuanjun/higs-13scene-env/lib/python3.10/site-packages/torch/include -isystem /mnt/storage_pool/liaoyuanjun/higs-13scene-env/lib/python3.10/site-packages/torch/include/torch/csrc/api/include -isystem /mnt/storage_pool/liaoyuanjun/higs-13scene-env/include -isystem /mnt/storage_pool/liaoyuanjun/higs-13scene-env/include/python3.10 -D__CUDA_NO_HALF_OPERATORS__ -D__CUDA_NO_HALF_CONVERSIONS__ -D__CUDA_NO_BFLOAT16_CONVERSIONS__ -D__CUDA_NO_HALF2_OPERATORS__ --expt-relaxed-constexpr -gencode=arch=compute_80,code=sm_80 --compiler-options '-fPIC' --forward-unknown-opts -use_fast_math -diag-suppress 20012,186 --expt-relaxed-constexpr -std=c++20 -O3 -DNDEBUG -Wno-attributes -Wno-unknown-pragmas -DAT_PARALLEL_OPENMP -fopenmp -Xptxas -v -c /mnt/storage_pool/liaoyuanjun/higs_p2_1a_worktree/gsplat/experimental/render/kernels/cuda/csrc/gaussian_inference/GatherlessProjectedProducer.cu -o GatherlessProjectedProducer.cuda.o 
ptxas info    : 11 bytes gmem, 88 bytes cmem[4]
ptxas info    : Compiling entry function '_ZN6gsplat31gaussian_render_inference_scene28higs_camera_positions_kernelElPKfPf' for 'sm_80'
ptxas info    : Function properties for _ZN6gsplat31gaussian_render_inference_scene28higs_camera_positions_kernelElPKfPf
    0 bytes stack frame, 0 bytes spill stores, 0 bytes spill loads
ptxas info    : Used 20 registers, used 0 barriers, 376 bytes cmem[0]
ptxas info    : Compile time = 2.828 ms
ptxas info    : Compiling entry function '_ZN6gsplat31gaussian_render_inference_scene28f9_projected_producer_kernelEllPKlPKfS4_S4_S4_S4_S4_S4_S4_jjffffPiPfS6_S6_S6_S6_' for 'sm_80'
ptxas info    : Function properties for _ZN6gsplat31gaussian_render_inference_scene28f9_projected_producer_kernelEllPKlPKfS4_S4_S4_S4_S4_S4_S4_jjffffPiPfS6_S6_S6_S6_
    0 bytes stack frame, 0 bytes spill stores, 0 bytes spill loads
ptxas info    : Used 43 registers, used 0 barriers, 512 bytes cmem[0]
ptxas info    : Compile time = 24.698 ms
ninja: build stopped: subcommand failed.
Traceback (most recent call last):
  File "/mnt/storage_pool/liaoyuanjun/higs-13scene-env/lib/python3.10/site-packages/torch/utils/cpp_extension.py", line 2597, in _run_ninja_build
    subprocess.run(
  File "/mnt/storage_pool/liaoyuanjun/higs-13scene-env/lib/python3.10/subprocess.py", line 526, in run
    raise CalledProcessError(retcode, process.args,
subprocess.CalledProcessError: Command '['ninja', '-v']' returned non-zero exit status 2.

The above exception was the direct cause of the following exception:

Traceback (most recent call last):
  File "<string>", line 3, in <module>
  File "/mnt/storage_pool/liaoyuanjun/higs_p2_1a_worktree/gsplat/experimental/render/kernels/cuda/build.py", line 289, in build_and_load_experimental_gaussian_render_inference_scene
    module = jit.load(
  File "/mnt/storage_pool/liaoyuanjun/higs-13scene-env/lib/python3.10/site-packages/torch/utils/cpp_extension.py", line 1692, in load
    return _jit_compile(
  File "/mnt/storage_pool/liaoyuanjun/higs-13scene-env/lib/python3.10/site-packages/torch/utils/cpp_extension.py", line 2134, in _jit_compile
    _write_ninja_file_and_build_library(
  File "/mnt/storage_pool/liaoyuanjun/higs-13scene-env/lib/python3.10/site-packages/torch/utils/cpp_extension.py", line 2286, in _write_ninja_file_and_build_library
    _run_ninja_build(
  File "/mnt/storage_pool/liaoyuanjun/higs-13scene-env/lib/python3.10/site-packages/torch/utils/cpp_extension.py", line 2614, in _run_ninja_build
    raise RuntimeError(message) from e
RuntimeError: Error building extension 'experimental_gaussian_render_inference_scene_cuda'
