gsplat: CUDA extension has been set up successfully in 67.81 seconds.
room {
  "meta": {
    "n_visible": 16076,
    "n_isects": 25475247,
    "tile_grid": [
      195,
      130
    ]
  },
  "timings": {
    "projection": {
      "median_ms": 0.21536000072956085,
      "mean_ms": 0.24275280125439166,
      "std_ms": 0.0400169650337978,
      "n": 40,
      "samples_ms": [
        0.27904,
        0.283072,
        0.276032,
        0.286848,
        0.284512,
        0.284352,
        0.281984,
        0.305088,
        0.288736,
        0.277952,
        0.280224,
        0.276448,
        0.28496,
        0.286816,
        0.277568,
        0.28272,
        0.283712,
        0.284736,
        0.284608,
        0.23504,
        0.20848,
        0.200128,
        0.204384,
        0.202688,
        0.208864,
        0.21536,
        0.20352,
        0.209344,
        0.201792,
        0.20256,
        0.20208,
        0.204416,
        0.204992,
        0.200544,
        0.203296,
        0.200992,
        0.20272,
        0.20768,
        0.2008,
        0.201024
      ]
    },
    "sh": {
      "median_ms": 0.15769599378108978,
      "mean_ms": 0.15912959799170495,
      "std_ms": 0.003461309834569941,
      "n": 40,
      "samples_ms": [
        0.157696,
        0.156672,
        0.15872,
        0.15872,
        0.157696,
        0.160768,
        0.15872,
        0.156672,
        0.157696,
        0.157696,
        0.160768,
        0.15872,
        0.15872,
        0.157696,
        0.164864,
        0.159744,
        0.159744,
        0.157696,
        0.159744,
        0.157696,
        0.155648,
        0.173056,
        0.157696,
        0.15872,
        0.15872,
        0.157696,
        0.156672,
        0.156672,
        0.155648,
        0.157696,
        0.15872,
        0.164864,
        0.159744,
        0.156672,
        0.15872,
        0.15872,
        0.157696,
        0.157696,
        0.157696,
        0.169984
      ]
    },
    "no_sort": {
      "median_ms": 0.5304319858551025,
      "mean_ms": 0.5667072013020515,
      "std_ms": 0.12437061177537057,
      "n": 40,
      "samples_ms": [
        0.698368,
        0.6144,
        0.728064,
        0.6912,
        0.67584,
        0.661504,
        0.72704,
        0.681984,
        0.697344,
        0.671744,
        0.698368,
        0.776192,
        0.664576,
        0.68608,
        0.651264,
        0.661504,
        0.684032,
        0.678912,
        0.756736,
        0.544768,
        0.416768,
        0.4864,
        0.423936,
        0.417792,
        0.413696,
        0.433152,
        0.447488,
        0.530432,
        0.422912,
        0.44544,
        0.470016,
        0.44544,
        0.443392,
        0.520192,
        0.462848,
        0.466944,
        0.411648,
        0.427008,
        0.482304,
        0.45056
      ]
    },
    "with_sort": {
      "median_ms": 3.6136960983276367,
      "mean_ms": 4.195558398962021,
      "std_ms": 0.6760143285012011,
      "n": 40,
      "samples_ms": [
        4.90496,
        4.91008,
        4.870144,
        4.855808,
        4.85376,
        4.896768,
        4.860928,
        4.898816,
        4.989952,
        4.859904,
        4.886528,
        4.860928,
        4.942848,
        4.868096,
        4.97152,
        4.881408,
        4.937728,
        4.933632,
        4.849664,
        3.539968,
        3.56864,
        3.54304,
        3.613696,
        3.5584,
        3.547136,
        3.56352,
        3.564544,
        3.5328,
        3.570688,
        3.56352,
        3.565568,
        3.567616,
        3.531776,
        3.625984,
        3.565568,
        3.545088,
        3.546112,
        3.546112,
        3.56352,
        3.565568
      ]
    },
    "offset": {
      "median_ms": 0.1955839991569519,
      "mean_ms": 0.2331648003309965,
      "std_ms": 0.04158033356334554,
      "n": 40,
      "samples_ms": [
        0.27648,
        0.27648,
        0.275456,
        0.27648,
        0.277504,
        0.275456,
        0.275456,
        0.27648,
        0.27648,
        0.27648,
        0.275456,
        0.275456,
        0.27648,
        0.27648,
        0.27648,
        0.278528,
        0.275456,
        0.27648,
        0.27648,
        0.19456,
        0.19456,
        0.193536,
        0.19456,
        0.195584,
        0.19456,
        0.195584,
        0.19456,
        0.195584,
        0.19456,
        0.19456,
        0.193536,
        0.192512,
        0.193536,
        0.192512,
        0.192512,
        0.195584,
        0.193536,
        0.192512,
        0.193536,
        0.19456
      ]
    },
    "raster": {
      "median_ms": 0.33689600229263306,
      "mean_ms": 0.43335680291056633,
      "std_ms": 0.10526984222399967,
      "n": 40,
      "samples_ms": [
        0.540672,
        0.54272,
        0.541696,
        0.54272,
        0.543744,
        0.541696,
        0.544768,
        0.54272,
        0.548864,
        0.541696,
        0.54272,
        0.54272,
        0.545792,
        0.539648,
        0.541696,
        0.541696,
        0.541696,
        0.540672,
        0.541696,
        0.335872,
        0.333824,
        0.336896,
        0.334848,
        0.334848,
        0.335872,
        0.335872,
        0.335872,
        0.334848,
        0.340992,
        0.335872,
        0.3328,
        0.3328,
        0.333824,
        0.330752,
        0.3328,
        0.333824,
        0.329728,
        0.331776,
        0.334848,
        0.335872
      ]
    }
  },
  "derived": {
    "sort_median_ms": 3.083264112472534,
    "forward_median_ms": 4.519232094287872
  }
}
bicycle {
  "meta": {
    "n_visible": 13654,
    "n_isects": 18550853,
    "tile_grid": [
      310,
      206
    ]
  },
  "timings": {
    "projection": {
      "median_ms": 0.33375999331474304,
      "mean_ms": 0.3492784008383751,
      "std_ms": 0.03860614096981076,
      "n": 40,
      "samples_ms": [
        0.449024,
        0.449408,
        0.446752,
        0.459136,
        0.44288,
        0.332384,
        0.338784,
        0.33376,
        0.337344,
        0.331648,
        0.3344,
        0.333088,
        0.335296,
        0.333056,
        0.337248,
        0.32976,
        0.333408,
        0.332704,
        0.350208,
        0.331872,
        0.333856,
        0.333472,
        0.334336,
        0.347104,
        0.33312,
        0.333088,
        0.334432,
        0.33184,
        0.34,
        0.331136,
        0.329568,
        0.333504,
        0.336384,
        0.33136,
        0.333504,
        0.342112,
        0.334816,
        0.333664,
        0.338592,
        0.333088
      ]
    },
    "sh": {
      "median_ms": 0.18943999707698822,
      "mean_ms": 0.19079680033028126,
      "std_ms": 0.005289882838764961,
      "n": 40,
      "samples_ms": [
        0.203776,
        0.195584,
        0.2048,
        0.190464,
        0.19968,
        0.18944,
        0.192512,
        0.18944,
        0.187392,
        0.18944,
        0.205824,
        0.18944,
        0.188416,
        0.188416,
        0.18944,
        0.188416,
        0.188416,
        0.190464,
        0.187392,
        0.190464,
        0.2048,
        0.187392,
        0.190464,
        0.188416,
        0.188416,
        0.187392,
        0.188416,
        0.18944,
        0.188416,
        0.187392,
        0.188416,
        0.187392,
        0.186368,
        0.186368,
        0.18944,
        0.18944,
        0.187392,
        0.18944,
        0.187392,
        0.190464
      ]
    },
    "no_sort": {
      "median_ms": 0.4270080029964447,
      "mean_ms": 0.4344064012169838,
      "std_ms": 0.05011487476271386,
      "n": 40,
      "samples_ms": [
        0.518144,
        0.535552,
        0.494592,
        0.606208,
        0.507904,
        0.401408,
        0.36864,
        0.41472,
        0.42496,
        0.427008,
        0.413696,
        0.453632,
        0.405504,
        0.372736,
        0.454656,
        0.37888,
        0.459776,
        0.428032,
        0.420864,
        0.396288,
        0.441344,
        0.436224,
        0.39936,
        0.461824,
        0.401408,
        0.390144,
        0.41472,
        0.403456,
        0.43008,
        0.436224,
        0.355328,
        0.393216,
        0.48128,
        0.47616,
        0.382976,
        0.447488,
        0.458752,
        0.443392,
        0.456704,
        0.382976
      ]
    },
    "with_sort": {
      "median_ms": 3.0842878818511963,
      "mean_ms": 3.1543296217918395,
      "std_ms": 0.21789683095238818,
      "n": 40,
      "samples_ms": [
        3.730432,
        3.7632,
        3.815424,
        3.82976,
        3.233792,
        3.065856,
        3.05152,
        3.038208,
        3.084288,
        3.10272,
        3.050496,
        3.100672,
        3.10784,
        3.101696,
        3.105792,
        3.09248,
        3.204096,
        3.14368,
        3.121152,
        3.040256,
        3.104768,
        3.042304,
        3.075072,
        3.111936,
        3.032064,
        3.111936,
        3.021824,
        3.009536,
        3.0464,
        3.065856,
        3.057664,
        3.104768,
        3.13344,
        3.050496,
        3.127296,
        3.039232,
        3.083264,
        3.074048,
        3.044352,
        3.053568
      ]
    },
    "offset": {
      "median_ms": 0.15667200088500977,
      "mean_ms": 0.1605119988322258,
      "std_ms": 0.01257724686599296,
      "n": 40,
      "samples_ms": [
        0.197632,
        0.196608,
        0.197632,
        0.196608,
        0.169984,
        0.155648,
        0.156672,
        0.156672,
        0.156672,
        0.155648,
        0.156672,
        0.154624,
        0.155648,
        0.155648,
        0.156672,
        0.156672,
        0.154624,
        0.156672,
        0.155648,
        0.154624,
        0.157696,
        0.156672,
        0.156672,
        0.155648,
        0.156672,
        0.155648,
        0.155648,
        0.156672,
        0.154624,
        0.156672,
        0.154624,
        0.155648,
        0.156672,
        0.156672,
        0.156672,
        0.154624,
        0.156672,
        0.155648,
        0.156672,
        0.156672
      ]
    },
    "raster": {
      "median_ms": 0.9236479997634888,
      "mean_ms": 0.97239039093256,
      "std_ms": 0.14985047226888226,
      "n": 40,
      "samples_ms": [
        1.419264,
        1.415168,
        1.41824,
        1.412096,
        0.925696,
        0.927744,
        0.920576,
        0.93184,
        0.922624,
        0.923648,
        0.9216,
        0.917504,
        0.927744,
        0.914432,
        0.920576,
        0.920576,
        0.920576,
        0.920576,
        0.923648,
        0.920576,
        0.927744,
        0.9216,
        0.9216,
        0.922624,
        0.9216,
        0.923648,
        0.925696,
        0.922624,
        0.9216,
        0.923648,
        0.9216,
        0.924672,
        0.922624,
        0.923648,
        0.923648,
        0.927744,
        0.924672,
        0.923648,
        0.922624,
        0.923648
      ]
    }
  },
  "derived": {
    "sort_median_ms": 2.6572798788547516,
    "forward_median_ms": 4.687807872891426
  }
}
garden {
  "meta": {
    "n_visible": 100582,
    "n_isects": 11257252,
    "tile_grid": [
      325,
      211
    ]
  },
  "timings": {
    "projection": {
      "median_ms": 0.19590400159358978,
      "mean_ms": 0.19636720046401024,
      "std_ms": 0.004110685963414748,
      "n": 40,
      "samples_ms": [
        0.191456,
        0.195488,
        0.201728,
        0.197984,
        0.190624,
        0.195488,
        0.19136,
        0.211904,
        0.199744,
        0.202976,
        0.190112,
        0.197504,
        0.198144,
        0.197184,
        0.198848,
        0.197632,
        0.194048,
        0.195008,
        0.191168,
        0.195808,
        0.200128,
        0.19632,
        0.198112,
        0.196992,
        0.191616,
        0.194976,
        0.198144,
        0.194784,
        0.198304,
        0.195968,
        0.201376,
        0.195488,
        0.191392,
        0.198464,
        0.19152,
        0.195904,
        0.191616,
        0.1952,
        0.198752,
        0.195424
      ]
    },
    "sh": {
      "median_ms": 0.1884160041809082,
      "mean_ms": 0.1888768006116152,
      "std_ms": 0.002420449649004768,
      "n": 40,
      "samples_ms": [
        0.188416,
        0.188416,
        0.188416,
        0.188416,
        0.18944,
        0.187392,
        0.186368,
        0.187392,
        0.195584,
        0.186368,
        0.188416,
        0.187392,
        0.188416,
        0.191488,
        0.187392,
        0.200704,
        0.187392,
        0.18944,
        0.188416,
        0.187392,
        0.188416,
        0.188416,
        0.18944,
        0.18944,
        0.188416,
        0.188416,
        0.188416,
        0.188416,
        0.188416,
        0.18944,
        0.18944,
        0.18944,
        0.188416,
        0.188416,
        0.187392,
        0.187392,
        0.18944,
        0.188416,
        0.188416,
        0.188416
      ]
    },
    "no_sort": {
      "median_ms": 0.3317759931087494,
      "mean_ms": 0.33203199654817583,
      "std_ms": 0.0021347779909041656,
      "n": 40,
      "samples_ms": [
        0.329728,
        0.331776,
        0.3328,
        0.329728,
        0.334848,
        0.333824,
        0.3328,
        0.336896,
        0.331776,
        0.330752,
        0.333824,
        0.32768,
        0.329728,
        0.334848,
        0.331776,
        0.330752,
        0.3328,
        0.330752,
        0.334848,
        0.333824,
        0.330752,
        0.33792,
        0.333824,
        0.329728,
        0.330752,
        0.330752,
        0.3328,
        0.331776,
        0.329728,
        0.334848,
        0.331776,
        0.331776,
        0.329728,
        0.330752,
        0.3328,
        0.331776,
        0.3328,
        0.329728,
        0.330752,
        0.330752
      ]
    },
    "with_sort": {
      "median_ms": 1.9906560182571411,
      "mean_ms": 1.991398411989212,
      "std_ms": 0.003539558636006811,
      "n": 40,
      "samples_ms": [
        1.990656,
        1.997824,
        1.989632,
        1.992704,
        1.989632,
        1.988608,
        1.987584,
        1.992704,
        1.990656,
        1.99168,
        1.98656,
        1.98656,
        1.992704,
        1.987584,
        1.995776,
        1.989632,
        1.99168,
        1.994752,
        1.987584,
        1.988608,
        1.989632,
        1.99168,
        1.992704,
        1.987584,
        1.988608,
        1.995776,
        1.989632,
        1.989632,
        1.995776,
        1.990656,
        2.00192,
        1.987584,
        1.989632,
        1.998848,
        1.993728,
        1.990656,
        1.99168,
        1.9968,
        1.989632,
        1.990656
      ]
    },
    "offset": {
      "median_ms": 0.11161600053310394,
      "mean_ms": 0.11153920050710439,
      "std_ms": 0.0012570834797561883,
      "n": 40,
      "samples_ms": [
        0.111616,
        0.110592,
        0.11264,
        0.111616,
        0.11264,
        0.111616,
        0.111616,
        0.111616,
        0.111616,
        0.11776,
        0.11264,
        0.110592,
        0.110592,
        0.110592,
        0.110592,
        0.111616,
        0.110592,
        0.11264,
        0.110592,
        0.110592,
        0.111616,
        0.110592,
        0.110592,
        0.110592,
        0.111616,
        0.111616,
        0.110592,
        0.11264,
        0.111616,
        0.111616,
        0.11264,
        0.110592,
        0.111616,
        0.111616,
        0.111616,
        0.11264,
        0.110592,
        0.111616,
        0.110592,
        0.110592
      ]
    },
    "raster": {
      "median_ms": 1.1151360273361206,
      "mean_ms": 1.1156480193138123,
      "std_ms": 0.003005633929025523,
      "n": 40,
      "samples_ms": [
        1.115136,
        1.114112,
        1.114112,
        1.11616,
        1.112064,
        1.127424,
        1.114112,
        1.115136,
        1.114112,
        1.11616,
        1.114112,
        1.11616,
        1.112064,
        1.115136,
        1.114112,
        1.118208,
        1.114112,
        1.115136,
        1.113088,
        1.117184,
        1.114112,
        1.12128,
        1.114112,
        1.122304,
        1.115136,
        1.11616,
        1.113088,
        1.11616,
        1.114112,
        1.117184,
        1.113088,
        1.115136,
        1.115136,
        1.11616,
        1.114112,
        1.115136,
        1.113088,
        1.115136,
        1.122304,
        1.115136
      ]
    }
  },
  "derived": {
    "sort_median_ms": 1.6588800251483917,
    "forward_median_ms": 3.6017280519008636
  }
}
